Archive member included because of file (symbol)

C:/Users/seigo13/Documents/work/MWSTAGE/MWSDK/TWENET/current/lib/libTWENET_BLUE_DBG.a(ToCoNet_event.o)
                              objs_BLUE/Samp_PingPong.o (PRSEV_u8Register)
C:/Users/seigo13/Documents/work/MWSTAGE/MWSDK/TWENET/current/lib/libTWENET_BLUE_DBG.a(ToCoNet_main.o)
                              objs_BLUE/Samp_PingPong.o (u32TickCount_ms)
C:/Users/seigo13/Documents/work/MWSTAGE/MWSDK/TWENET/current/lib/libTWENET_BLUE_DBG.a(ToCoNet_utils.o)
                              C:/Users/seigo13/Documents/work/MWSTAGE/MWSDK/TWENET/current/lib/libTWENET_BLUE_DBG.a(ToCoNet_main.o) (ToCoNet_u32GetVersion)
C:/Users/seigo13/Documents/work/MWSTAGE/MWSDK/TWENET/current/lib/libTWENET_BLUE_DBG.a(ToCoNet_mod_Tx.o)
                              objs_BLUE/Samp_PingPong.o (ToCoNet_vReg_mod_Tx_Standard)
C:/Users/seigo13/Documents/work/MWSTAGE/MWSDK/TWENET/current/lib/libTWENET_BLUE_DBG.a(ToCoNet_mod_TxRxQueue.o)
                              objs_BLUE/Samp_PingPong.o (ToCoNet_vReg_mod_TxRxQueueMid)
C:/Users/seigo13/Documents/work/MWSTAGE/MWSDK/TWENET/current/lib/libTWENET_BLUE_DBG.a(ToCoNet_mod_Nwk_Common.o)
                              C:/Users/seigo13/Documents/work/MWSTAGE/MWSDK/TWENET/current/lib/libTWENET_BLUE_DBG.a(ToCoNet_main.o) (ToCoNet_vRxProc_Mod)
C:/Users/seigo13/Documents/work/MWSTAGE/MWSDK/TWENET/current/lib/libTWENET_BLUE_DBG.a(ToCoNet_mod_Channel_Mgr.o)
                              C:/Users/seigo13/Documents/work/MWSTAGE/MWSDK/TWENET/current/lib/libTWENET_BLUE_DBG.a(ToCoNet_mod_Tx.o) (ToCoNet_ChMgr_bCh_OnTx)
C:/Users/seigo13/Documents/work/MWSTAGE/MWSDK/TWENET/current/lib/libTWENET_BLUE_DBG.a(Version.o)
                              C:/Users/seigo13/Documents/work/MWSTAGE/MWSDK/TWENET/current/lib/libTWENET_BLUE_DBG.a(ToCoNet_utils.o) (au8ToCoNetVersionInfo)
C:/Users/seigo13/Documents/work/MWSTAGE/MWSDK/TWENET/current/lib/libTWENET_BLUE_DBG.a(AppQueueApi_ToCoNet.o)
                              C:/Users/seigo13/Documents/work/MWSTAGE/MWSDK/TWENET/current/lib/libTWENET_BLUE_DBG.a(ToCoNet_main.o) (_u32_INT_ticktimer)
C:/Users/seigo13/Documents/work/MWSTAGE/MWSDK/TWENET/current/lib/libTWENEText_BLUE_DBG.a(AppStart.o)
                              (AppColdStart)
C:/Users/seigo13/Documents/work/MWSTAGE/MWSDK/TWENET/current/lib/libTWENEText_BLUE_DBG.a(getMacAddr.o)
                              C:/Users/seigo13/Documents/work/MWSTAGE/MWSDK/TWENET/current/lib/libTWENET_BLUE_DBG.a(ToCoNet_main.o) (ToCoNet_u32GetSerialOnBoot)
C:/Users/seigo13/Documents/work/MWSTAGE/MWSDK/TWENET/current/lib/libTWENEText_BLUE_DBG.a(mac.o)
                              C:/Users/seigo13/Documents/work/MWSTAGE/MWSDK/TWENET/current/lib/libTWENET_BLUE_DBG.a(ToCoNet_main.o) (Mac_vInit)
C:/Users/seigo13/Documents/work/MWSTAGE/MWSDK/TWENET/current/lib/libTWENEText_BLUE_DBG.a(AES_CCM.o)
                              C:/Users/seigo13/Documents/work/MWSTAGE/MWSDK/TWENET/current/lib/libTWENEText_BLUE_DBG.a(AppStart.o) (bAES_CCM_KeyReg)
C:/Users/seigo13/Documents/work/MWSTAGE/MWSDK/TWENET/current/lib/libTWENEText_BLUE_DBG.a(no_ack_handler.o)
                              C:/Users/seigo13/Documents/work/MWSTAGE/MWSDK/TWENET/current/lib/libTWENEText_BLUE_DBG.a(AppStart.o) (vInstallNoAckHandler)
C:/Users/seigo13/Documents/work/MWSTAGE/MWSDK/TWENET/current/lib/libTWENEText_BLUE_DBG.a(Version.o)
                              C:/Users/seigo13/Documents/work/MWSTAGE/MWSDK/TWENET/current/lib/libTWENET_BLUE_DBG.a(ToCoNet_utils.o) (au8ToCoNetExtVersionInfo)
C:/Users/seigo13/Documents/work/MWSTAGE/MWSDK/TWENET/current/lib/libTWENETutils_BLUE.a(serial.o)
                              objs_BLUE/Samp_PingPong.o (SERIAL_vInitEx)
C:/Users/seigo13/Documents/work/MWSTAGE/MWSDK/TWENET/current/lib/libTWENETutils_BLUE.a(uart.o)
                              C:/Users/seigo13/Documents/work/MWSTAGE/MWSDK/TWENET/current/lib/libTWENETutils_BLUE.a(serial.o) (UART_vInit)
C:/Users/seigo13/Documents/work/MWSTAGE/MWSDK/TWENET/current/lib/libTWENETutils_BLUE.a(ByteQueue.o)
                              C:/Users/seigo13/Documents/work/MWSTAGE/MWSDK/TWENET/current/lib/libTWENET_BLUE_DBG.a(ToCoNet_main.o) (QUEUE__vInit)
C:/Users/seigo13/Documents/work/MWSTAGE/MWSDK/TWENET/current/lib/libTWENETutils_BLUE.a(ccitt8.o)
                              C:/Users/seigo13/Documents/work/MWSTAGE/MWSDK/TWENET/current/lib/libTWENEText_BLUE_DBG.a(AppStart.o) (u8CCITT8)
C:/Users/seigo13/Documents/work/MWSTAGE/MWSDK/TWENET/current/lib/libTWENETutils_BLUE.a(fprintf.o)
                              objs_BLUE/Samp_PingPong.o (vfPrintf)
C:/Users/seigo13/Documents/work/MWSTAGE/MWSDK/TWENET/current/lib/libTWENETutils_BLUE.a(sprintf.o)
                              objs_BLUE/Samp_PingPong.o (SPRINTF_Stream)
C:/Users/seigo13/Documents/work/MWSTAGE/MWSDK/TWENET/current/lib/libTWENETutils_BLUE.a(utils.o)
                              C:/Users/seigo13/Documents/work/MWSTAGE/MWSDK/TWENET/current/lib/libTWENET_BLUE_DBG.a(ToCoNet_main.o) (vTimerConfig)
[...]
Memory Configuration

Name             Origin             Length             Attributes
flash            0x0000000000080000 0x0000000000028000
ram              0x000000000400004c 0x0000000000007fb4
*default*        0x0000000000000000 0xffffffffffffffff

Linker script and memory map

LOAD objs_BLUE/Samp_PingPong.o
LOAD C:/Users/seigo13/Documents/work/MWSTAGE/MWSDK/TWENET/current/lib/libTWENET_BLUE_DBG.a
LOAD C:/Users/seigo13/Documents/work/MWSTAGE/MWSDK/TWENET/current/lib/libTWENEText_BLUE_DBG.a
LOAD C:/Users/seigo13/Documents/work/MWSTAGE/MWSDK/TWENET/current/lib/libTWENETutils_BLUE.a
LOAD C:/Users/seigo13/Documents/work/MWSTAGE/MWSDK/TWENET/current/lib/libTWENETstgs_BLUE.a
START GROUP
LOAD C:/Users/seigo13/Documents/work/MWSTAGE/MWSDK/ChipLib/SW4063V1416/Components/Library\libAppApi_JN516x.a
LOAD C:/Users/seigo13/Documents/work/MWSTAGE/MWSDK/ChipLib/SW4063V1416/Components/Library\libMAC_JN516x.a
LOAD C:/Users/seigo13/Documents/work/MWSTAGE/MWSDK/ChipLib/SW4063V1416/Components/Library\libTimerServer_JN516x.a
LOAD C:/Users/seigo13/Documents/work/MWSTAGE/MWSDK/ChipLib/SW4063V1416/Components/Library\libTOF_JN516x.a
LOAD C:/Users/seigo13/Documents/work/MWSTAGE/MWSDK/ChipLib/SW4063V1416/Components/Library\libXcv_JN516x.a
LOAD C:/Users/seigo13/Documents/work/MWSTAGE/MWSDK/ChipLib/SW4063V1416/Components/Library\libAes_JN516x.a
LOAD C:/Users/seigo13/Documents/work/MWSTAGE/MWSDK/ChipLib/SW4063V1416/Components/Library\libHardwareApi_JN516x.a
LOAD C:/Users/seigo13/Documents/work/MWSTAGE/MWSDK/ChipLib/SW4063V1416/Components/Library\libMicroSpecific_JN516x.a
LOAD C:/Users/seigo13/Documents/work/MWSTAGE/MWSDK/ChipLib/SW4063V1416/Components/Library\libBoot_JN516x.a
LOAD C:/Users/seigo13/Documents/work/MWSTAGE/MWSDK/ChipLib/SW4063V1416/Components/Library\libPDM_EEPROM_JN516x_NO_RTOS.a
LOAD C:/Users/seigo13/Documents/work/MWSTAGE/MWSDK/TWENET/current/lib/libTWENET_BLUE_DBG.a
LOAD C:/Users/seigo13/Documents/work/MWSTAGE/MWSDK/TWENET/current/lib/libTWENEText_BLUE_DBG.a
LOAD C:/Users/seigo13/Documents/work/MWSTAGE/MWSDK/TWENET/current/lib/libTWENETutils_BLUE.a
LOAD C:/Users/seigo13/Documents/work/MWSTAGE/MWSDK/TWENET/current/lib/libTWENETstgs_BLUE.a
END GROUP
LOAD c:/users/seigo13/documents/work/mwstage/mwsdk/tools/ba-elf-ba2-r36379/bin/../lib/gcc/ba-elf/4.7.4/../../../../ba-elf/lib/mcpu_jn51xx_sizeopt\libc.a
LOAD c:/users/seigo13/documents/work/mwstage/mwsdk/tools/ba-elf-ba2-r36379/bin/../lib/gcc/ba-elf/4.7.4/mcpu_jn51xx_sizeopt\libgcc.a
LOAD c:/users/seigo13/documents/work/mwstage/mwsdk/tools/ba-elf-ba2-r36379/bin/../lib/gcc/ba-elf/4.7.4/../../../../ba-elf/lib/mcpu_jn51xx_sizeopt\libc.a
                0x0000000000000800                _stack_size = 0x800
                0x0000000000080038                _exception_vsr_table = 0x80038
                0x0000000004000000                pSPIflashFncTable = 0x4000000
                0x0000000000000800                _stack_size = 0x800
                0x0000000000000044                restore_state = 0x44
                0x000000000000004a                bZSPIWaitWIPClear = 0x4a
                0x0000000000000050                u16ZSPIflashRDID = 0x50
                0x0000000000000056                u8SelectFlashChipType = 0x56
                0x000000000000005c                memcpy = 0x5c
                0x0000000000000066                vBootFlashProg = 0x66
                [0x0000000000000d16]                _minimum_heap_size = DEFINED (_minimum_heap_size)?_minimum_heap_size:0xd16
                0x0000000000000000                _SwConfig = (DEFINED (g_bSWConf_Debug) | (DEFINED (g_bSWConf_AltDebugPort) << 0x1))

.version        0x000000000007fffc        0x4
                0x000000000007fffc        0x4 LONG 0x4030008

.bir            0x0000000000080000       0x10
                0x0000000000080000                _flash_start = ABSOLUTE (.)
                0x0000000000080000                _flash_beg = ABSOLUTE (.)
                0x0000000000080000        0x4 LONG 0x12345678
                0x0000000000080004        0x4 LONG 0x11223344
                0x0000000000080008        0x4 LONG 0x55667788
                0x000000000008000c        0x1 BYTE 0x8
                0x000000000008000d        0x1 BYTE 0x1
                0x000000000008000e        0x2 SHORT 0x0

.flashheader    0x0000000000080010       0x28
                0x0000000000080010        0x4 LONG 0x0
                0x0000000000080014        0x4 LONG 0x0
                0x0000000000080018        0x4 LONG 0x0
                0x000000000008001c        0x2 SHORT 0x0
                0x000000000008001e        0x2 SHORT 0x0 ABSOLUTE (_SwConfig)
                0x0000000000080020                _enc_start = ABSOLUTE (.)
                0x0000000000080020        0x4 LONG 0xc234 ABSOLUTE (_image_len)
                0x0000000000080024        0x4 LONG 0x8c1f0 ABSOLUTE (_flash_data_start)
                0x0000000000080028        0x2 SHORT 0x13 ((ABSOLUTE (_ram_data_start) / 0x4) & 0xffff)
                0x000000000008002a        0x2 SHORT 0x11 ((ABSOLUTE (_ram_data_len) / 0x4) & 0xffff)
                0x000000000008002c        0x2 SHORT 0x24 ((ABSOLUTE (_bss_start) / 0x4) & 0xffff)
                0x000000000008002e        0x2 SHORT 0x689 ((ABSOLUTE (_bss_len) / 0x4) & 0xffff)
                0x0000000000080030        0x4 LONG 0x82f02 ABSOLUTE (AppWarmStart)
                0x0000000000080034        0x4 LONG 0x829fe ABSOLUTE (AppColdStart)
                0x0000000000000000                _enc_offset = (_enc_start & 0xf)
                0x0000000000000044                PROVIDE (vException_BusError, restore_state)
                0x0000000000000044                PROVIDE (vException_UnalignedAccess, restore_state)
                0x0000000000000044                PROVIDE (vException_IllegalInstruction, restore_state)
                0x0000000000000044                PROVIDE (vException_SysCall, restore_state)
                0x0000000000000044                PROVIDE (vException_Trap, restore_state)
                0x0000000000000044                PROVIDE (vException_StackOverflow, restore_state)
                0x0000000000080038                . = ABSOLUTE (_exception_vsr_table)

.vsr_table      0x0000000000080038       0x18
                0x0000000000080038        0x4 LONG 0x44 ABSOLUTE (vException_BusError)
                0x000000000008003c        0x4 LONG 0x44 ABSOLUTE (vException_UnalignedAccess)
                0x0000000000080040        0x4 LONG 0x44 ABSOLUTE (vException_IllegalInstruction)
                0x0000000000080044        0x4 LONG 0x44 ABSOLUTE (vException_SysCall)
                0x0000000000080048        0x4 LONG 0x44 ABSOLUTE (vException_Trap)
                0x000000000008004c        0x4 LONG 0x44 ABSOLUTE (vException_StackOverflow)

.vsr_handlers   0x0000000000080050       0xaa
 *(.vsr_handlers)
 .vsr_handlers  0x0000000000080050       0xaa C:/Users/seigo13/Documents/work/MWSTAGE/MWSDK/ChipLib/SW4063V1416/Components/Library\libBoot_JN516x.a(ExceptionHandler.o)
                0x0000000000080050                _exception_external_interrupt
                0x00000000000800f8                _default_vsr_dummy

.rodata         0x00000000000800fc      0x78c
 *(.rodata*)
 .rodata.str1.1
                0x00000000000800fc      0x184 objs_BLUE/Samp_PingPong.o
                                        0x187 (size before relaxing)
 .rodata.str1.1
                0x0000000000080280       0xa9 C:/Users/seigo13/Documents/work/MWSTAGE/MWSDK/TWENET/current/lib/libTWENET_BLUE_DBG.a(ToCoNet_main.o)
                                         0xab (size before relaxing)
 .rodata.str1.1
                0x0000000000080329       0x8d C:/Users/seigo13/Documents/work/MWSTAGE/MWSDK/TWENET/current/lib/libTWENET_BLUE_DBG.a(ToCoNet_mod_Tx.o)
                                         0x8f (size before relaxing)
 *fill*         0x00000000000803b6        0x2 00
 .rodata.asStateFuncTbl
                0x00000000000803b8       0x38 C:/Users/seigo13/Documents/work/MWSTAGE/MWSDK/TWENET/current/lib/libTWENET_BLUE_DBG.a(ToCoNet_mod_Tx.o)
 .rodata.str1.1
                0x00000000000803f0       0x17 C:/Users/seigo13/Documents/work/MWSTAGE/MWSDK/TWENET/current/lib/libTWENET_BLUE_DBG.a(ToCoNet_mod_Nwk_Common.o)
 .rodata.au8ToCoNetVersionInfo
                0x0000000000080407        0xc C:/Users/seigo13/Documents/work/MWSTAGE/MWSDK/TWENET/current/lib/libTWENET_BLUE_DBG.a(Version.o)
                0x0000000000080407                au8ToCoNetVersionInfo
 .rodata.str1.1
                0x0000000000080413       0x11 C:/Users/seigo13/Documents/work/MWSTAGE/MWSDK/TWENET/current/lib/libTWENEText_BLUE_DBG.a(AppStart.o)
 .rodata        0x0000000000080424       0x31 C:/Users/seigo13/Documents/work/MWSTAGE/MWSDK/TWENET/current/lib/libTWENEText_BLUE_DBG.a(AppStart.o)
 *fill*         0x0000000000080455        0x3 00
 .rodata.au8k.5785
                0x0000000000080458       0x20 C:/Users/seigo13/Documents/work/MWSTAGE/MWSDK/TWENET/current/lib/libTWENEText_BLUE_DBG.a(AppStart.o)
 .rodata.au8k.5766
                0x0000000000080478       0x20 C:/Users/seigo13/Documents/work/MWSTAGE/MWSDK/TWENET/current/lib/libTWENEText_BLUE_DBG.a(AppStart.o)
 .rodata.str1.1
                0x0000000000080498       0xcf C:/Users/seigo13/Documents/work/MWSTAGE/MWSDK/TWENET/current/lib/libTWENEText_BLUE_DBG.a(mac.o)
                                         0xd4 (size before relaxing)
 *fill*         0x0000000000080567        0x1 00
 .rodata.u32MacLow_TOCOS
                0x0000000000080568        0x4 C:/Users/seigo13/Documents/work/MWSTAGE/MWSDK/TWENET/current/lib/libTWENEText_BLUE_DBG.a(mac.o)
                0x0000000000080568                u32MacLow_TOCOS
 .rodata.u32MacHigh_TOCOS
                0x000000000008056c        0x4 C:/Users/seigo13/Documents/work/MWSTAGE/MWSDK/TWENET/current/lib/libTWENEText_BLUE_DBG.a(mac.o)
                0x000000000008056c                u32MacHigh_TOCOS
 .rodata.u8CRCTable
                0x0000000000080570      0x100 C:/Users/seigo13/Documents/work/MWSTAGE/MWSDK/TWENET/current/lib/libTWENETutils_BLUE.a(ccitt8.o)
 .rodata.str1.1
                0x0000000000080670        0x7 C:/Users/seigo13/Documents/work/MWSTAGE/MWSDK/TWENET/current/lib/libTWENETutils_BLUE.a(fprintf.o)
 *fill*         0x0000000000080677        0x1 00
 .rodata.s_sPibInit
                0x0000000000080678       0x18 C:/Users/seigo13/Documents/work/MWSTAGE/MWSDK/ChipLib/SW4063V1416/Components/Library\libMAC_JN516x.a(mac_pib_mlme.o)
 .rodata.s_atScanEvtST
                0x0000000000080690       0x31 C:/Users/seigo13/Documents/work/MWSTAGE/MWSDK/ChipLib/SW4063V1416/Components/Library\libMAC_JN516x.a(mac_scan.o)
 *fill*         0x00000000000806c1        0x3 00
 .rodata.s_aprScanHandleEvt
                0x00000000000806c4       0x30 C:/Users/seigo13/Documents/work/MWSTAGE/MWSDK/ChipLib/SW4063V1416/Components/Library\libMAC_JN516x.a(mac_scan.o)
 .rodata.aeXcvBbcEvtToScanEvt.5389
                0x00000000000806f4        0xa C:/Users/seigo13/Documents/work/MWSTAGE/MWSDK/ChipLib/SW4063V1416/Components/Library\libMAC_JN516x.a(mac_scan.o)
 .rodata.aeXcvPhyEvtToScanEvt.5394
                0x00000000000806fe        0x6 C:/Users/seigo13/Documents/work/MWSTAGE/MWSDK/ChipLib/SW4063V1416/Components/Library\libMAC_JN516x.a(mac_scan.o)
 .rodata.psTamXcvContext
                0x0000000000080704        0x4 C:/Users/seigo13/Documents/work/MWSTAGE/MWSDK/ChipLib/SW4063V1416/Components/Library\libMAC_JN516x.a(TAM.o)
                0x0000000000080704                psTamXcvContext
 .rodata.psTamMacContext
                0x0000000000080708        0x4 C:/Users/seigo13/Documents/work/MWSTAGE/MWSDK/ChipLib/SW4063V1416/Components/Library\libMAC_JN516x.a(TAM.o)
                0x0000000000080708                psTamMacContext
 .rodata.psTAMcontext
                0x000000000008070c        0x4 C:/Users/seigo13/Documents/work/MWSTAGE/MWSDK/ChipLib/SW4063V1416/Components/Library\libMAC_JN516x.a(TAM.o)
                0x000000000008070c                psTAMcontext
 .rodata.au8XcvToTAMevent.5139
                0x0000000000080710        0xa C:/Users/seigo13/Documents/work/MWSTAGE/MWSDK/ChipLib/SW4063V1416/Components/Library\libMAC_JN516x.a(TAM.o)
 .rodata        0x000000000008071a        0xe C:/Users/seigo13/Documents/work/MWSTAGE/MWSDK/ChipLib/SW4063V1416/Components/Library\libMAC_JN516x.a(TAMcommon.o)
 .rodata.au8StateActions
                0x0000000000080728       0x8c C:/Users/seigo13/Documents/work/MWSTAGE/MWSDK/ChipLib/SW4063V1416/Components/Library\libMAC_JN516x.a(TAMevent.o)
                0x0000000000080728                au8StateActions
 .rodata.apvActionCalls
                0x00000000000807b4       0x88 C:/Users/seigo13/Documents/work/MWSTAGE/MWSDK/ChipLib/SW4063V1416/Components/Library\libMAC_JN516x.a(TAMevent.o)
                0x00000000000807b4                apvActionCalls
 .rodata.au8MICLenLUT.4346
                0x000000000008083c        0x4 C:/Users/seigo13/Documents/work/MWSTAGE/MWSDK/ChipLib/SW4063V1416/Components/Library\libMAC_JN516x.a(TAMsecurity.o)
 .rodata.CSWTCH.31
                0x0000000000080840        0x3 C:/Users/seigo13/Documents/work/MWSTAGE/MWSDK/ChipLib/SW4063V1416/Components/Library\libMAC_JN516x.a(TAMsecurity.o)
 .rodata.CSWTCH.7
                0x0000000000080843        0x7 C:/Users/seigo13/Documents/work/MWSTAGE/MWSDK/ChipLib/SW4063V1416/Components/Library\libMAC_JN516x.a(TAM_AES.o)
 .rodata.CSWTCH.12
                0x000000000008084a        0x3 C:/Users/seigo13/Documents/work/MWSTAGE/MWSDK/ChipLib/SW4063V1416/Components/Library\libMAC_JN516x.a(TAM_AES.o)
 .rodata.au8dataSizeTable
                0x000000000008084d        0xd C:/Users/seigo13/Documents/work/MWSTAGE/MWSDK/ChipLib/SW4063V1416/Components/Library\libAes_JN516x.a(AEScoprocessorAPI.o)
                0x000000000008084d                au8dataSizeTable
 .rodata.au8FlashWaitStates32MXO
                0x000000000008085a        0x8 C:/Users/seigo13/Documents/work/MWSTAGE/MWSDK/ChipLib/SW4063V1416/Components/Library\libHardwareApi_JN516x.a(AHI_System.o)
 .rodata.au8FlashWaitStatesHSRCO
                0x0000000000080862        0x8 C:/Users/seigo13/Documents/work/MWSTAGE/MWSDK/ChipLib/SW4063V1416/Components/Library\libHardwareApi_JN516x.a(AHI_System.o)
 *fill*         0x000000000008086a        0x2 00
 .rodata.CSWTCH.35
                0x000000000008086c       0x14 C:/Users/seigo13/Documents/work/MWSTAGE/MWSDK/ChipLib/SW4063V1416/Components/Library\libHardwareApi_JN516x.a(AHI_Timer.o)
 .rodata.au32UartAddrOffset
                0x0000000000080880        0x8 C:/Users/seigo13/Documents/work/MWSTAGE/MWSDK/ChipLib/SW4063V1416/Components/Library\libHardwareApi_JN516x.a(AHI_Uart.o)
                0x0000000000080880                au32UartAddrOffset

.text           0x0000000000080888     0xb966
 *(.text*)
 .text.vProcessEvCore
                0x0000000000080888       0x87 objs_BLUE/Samp_PingPong.o
 .text.cbToCoNet_vMain
                0x000000000008090f      0x254 objs_BLUE/Samp_PingPong.o
                0x000000000008090f                cbToCoNet_vMain
 .text.cbToCoNet_vNwkEvent
                0x0000000000080b63        0x3 objs_BLUE/Samp_PingPong.o
                0x0000000000080b63                cbToCoNet_vNwkEvent
 .text.cbToCoNet_vRxEvent
                0x0000000000080b66      0x12f objs_BLUE/Samp_PingPong.o
                0x0000000000080b66                cbToCoNet_vRxEvent
 .text.cbToCoNet_vTxEvent
                0x0000000000080c95        0x3 objs_BLUE/Samp_PingPong.o
                0x0000000000080c95                cbToCoNet_vTxEvent
 .text.cbToCoNet_vHwEvent
                0x0000000000080c98       0x66 objs_BLUE/Samp_PingPong.o
                0x0000000000080c98                cbToCoNet_vHwEvent
 .text.cbToCoNet_u8HwInt
                0x0000000000080cfe        0x5 objs_BLUE/Samp_PingPong.o
                0x0000000000080cfe                cbToCoNet_u8HwInt
 .text.vSerialInit
                0x0000000000080d03       0x6b objs_BLUE/Samp_PingPong.o
                0x0000000000080d03                vSerialInit
 .text.vInitHardware.isra.1
                0x0000000000080d6e       0x48 objs_BLUE/Samp_PingPong.o
 .text.cbAppWarmStart
                0x0000000000080db6       0x39 objs_BLUE/Samp_PingPong.o
                0x0000000000080db6                cbAppWarmStart
 .text.cbAppColdStart
                0x0000000000080def       0x62 objs_BLUE/Samp_PingPong.o
                0x0000000000080def                cbAppColdStart
 .text.PRSEV_vProcessEv_core
                0x0000000000080e51       0xa2 C:/Users/seigo13/Documents/work/MWSTAGE/MWSDK/TWENET/current/lib/libTWENET_BLUE_DBG.a(ToCoNet_event.o)
 .text.PRSEV_vInit
                0x0000000000080ef3       0x4a C:/Users/seigo13/Documents/work/MWSTAGE/MWSDK/TWENET/current/lib/libTWENET_BLUE_DBG.a(ToCoNet_event.o)
                0x0000000000080ef3                PRSEV_vInit
 .text.PRSEV_u8Register
                0x0000000000080f3d       0x3e C:/Users/seigo13/Documents/work/MWSTAGE/MWSDK/TWENET/current/lib/libTWENET_BLUE_DBG.a(ToCoNet_event.o)
                0x0000000000080f3d                PRSEV_u8Register
 .text.PRSEV_vSetStateAll
                0x0000000000080f7b       0x3b C:/Users/seigo13/Documents/work/MWSTAGE/MWSDK/TWENET/current/lib/libTWENET_BLUE_DBG.a(ToCoNet_event.o)
                0x0000000000080f7b                PRSEV_vSetStateAll
 .text.PRSEV_vSetState
                0x0000000000080fb6       0x10 C:/Users/seigo13/Documents/work/MWSTAGE/MWSDK/TWENET/current/lib/libTWENET_BLUE_DBG.a(ToCoNet_event.o)
                0x0000000000080fb6                PRSEV_vSetState
 .text.PRSEV_vProcessEvPost
                0x0000000000080fc6       0x32 C:/Users/seigo13/Documents/work/MWSTAGE/MWSDK/TWENET/current/lib/libTWENET_BLUE_DBG.a(ToCoNet_event.o)
                0x0000000000080fc6                PRSEV_vProcessEvPost
 .text._PRSEV_vProcessEv
                0x0000000000080ff8        0xf C:/Users/seigo13/Documents/work/MWSTAGE/MWSDK/TWENET/current/lib/libTWENET_BLUE_DBG.a(ToCoNet_event.o)
                0x0000000000080ff8                _PRSEV_vProcessEv
 .text._PRSEV_vProcessEvSingle
                0x0000000000081007        0xd C:/Users/seigo13/Documents/work/MWSTAGE/MWSDK/TWENET/current/lib/libTWENET_BLUE_DBG.a(ToCoNet_event.o)
                0x0000000000081007                _PRSEV_vProcessEvSingle
 .text._PRSEV_vProcessEvSingleH
                0x0000000000081014        0xf C:/Users/seigo13/Documents/work/MWSTAGE/MWSDK/TWENET/current/lib/libTWENET_BLUE_DBG.a(ToCoNet_event.o)
                0x0000000000081014                _PRSEV_vProcessEvSingleH
 .text.ToCoNet_Event_StateExec
                0x0000000000081023       0x34 C:/Users/seigo13/Documents/work/MWSTAGE/MWSDK/TWENET/current/lib/libTWENET_BLUE_DBG.a(ToCoNet_event.o)
                0x0000000000081023                ToCoNet_Event_StateExec
 .text.vProcessIncomingHwEvent
                0x0000000000081057       0xe0 C:/Users/seigo13/Documents/work/MWSTAGE/MWSDK/TWENET/current/lib/libTWENET_BLUE_DBG.a(ToCoNet_main.o)
 .text.u8HwEventHandler
                0x0000000000081137       0x1d C:/Users/seigo13/Documents/work/MWSTAGE/MWSDK/TWENET/current/lib/libTWENET_BLUE_DBG.a(ToCoNet_main.o)
 .text.vProcessEvCoreMac
                0x0000000000081154       0x66 C:/Users/seigo13/Documents/work/MWSTAGE/MWSDK/TWENET/current/lib/libTWENET_BLUE_DBG.a(ToCoNet_main.o)
                0x0000000000081154                vProcessEvCoreMac
 .text.ToCoNet_vDebugInit
                0x00000000000811ba        0x9 C:/Users/seigo13/Documents/work/MWSTAGE/MWSDK/TWENET/current/lib/libTWENET_BLUE_DBG.a(ToCoNet_main.o)
                0x00000000000811ba                ToCoNet_vDebugInit
 .text.ToCoNet_vDebugLevel
                0x00000000000811c3        0x9 C:/Users/seigo13/Documents/work/MWSTAGE/MWSDK/TWENET/current/lib/libTWENET_BLUE_DBG.a(ToCoNet_main.o)
                0x00000000000811c3                ToCoNet_vDebugLevel
 .text.ToCoNet_vInit
                0x00000000000811cc      0x131 C:/Users/seigo13/Documents/work/MWSTAGE/MWSDK/TWENET/current/lib/libTWENET_BLUE_DBG.a(ToCoNet_main.o)
                0x00000000000811cc                ToCoNet_vInit
 .text.ToCoNet_vStart
                0x00000000000812fd      0x3d8 C:/Users/seigo13/Documents/work/MWSTAGE/MWSDK/TWENET/current/lib/libTWENET_BLUE_DBG.a(ToCoNet_main.o)
                0x00000000000812fd                ToCoNet_vStart
 .text.ToCoNet_vMacStart
                0x00000000000816d5        0xe C:/Users/seigo13/Documents/work/MWSTAGE/MWSDK/TWENET/current/lib/libTWENET_BLUE_DBG.a(ToCoNet_main.o)
                0x00000000000816d5                ToCoNet_vMacStart
 .text.ToCoNet_vMain
                0x00000000000816e3      0x2c6 C:/Users/seigo13/Documents/work/MWSTAGE/MWSDK/TWENET/current/lib/libTWENET_BLUE_DBG.a(ToCoNet_main.o)
                0x00000000000816e3                ToCoNet_vMain
 .text.ToCoNet_vRfConfig
                0x00000000000819a9        0x3 C:/Users/seigo13/Documents/work/MWSTAGE/MWSDK/TWENET/current/lib/libTWENET_BLUE_DBG.a(ToCoNet_main.o)
                0x00000000000819a9                ToCoNet_vRfConfig
 .text.ToCoNet_bMacTxReq
                0x00000000000819ac      0x120 C:/Users/seigo13/Documents/work/MWSTAGE/MWSDK/TWENET/current/lib/libTWENET_BLUE_DBG.a(ToCoNet_main.o)
                0x00000000000819ac                ToCoNet_bMacTxReq
 .text._ToCoNet_bRaisePanic
                0x0000000000081acc       0x51 C:/Users/seigo13/Documents/work/MWSTAGE/MWSDK/TWENET/current/lib/libTWENET_BLUE_DBG.a(ToCoNet_main.o)
                0x0000000000081acc                _ToCoNet_bRaisePanic
 .text.ToCoNet_u32GetVersion
                0x0000000000081b1d       0x21 C:/Users/seigo13/Documents/work/MWSTAGE/MWSDK/TWENET/current/lib/libTWENET_BLUE_DBG.a(ToCoNet_utils.o)
                0x0000000000081b1d                ToCoNet_u32GetVersion
 .text.ToCoNet_u16GetPanId
                0x0000000000081b3e        0x9 C:/Users/seigo13/Documents/work/MWSTAGE/MWSDK/TWENET/current/lib/libTWENET_BLUE_DBG.a(ToCoNet_utils.o)
                0x0000000000081b3e                ToCoNet_u16GetPanId
 .text.ToCoNet_u32GetSerial
                0x0000000000081b47        0x9 C:/Users/seigo13/Documents/work/MWSTAGE/MWSDK/TWENET/current/lib/libTWENET_BLUE_DBG.a(ToCoNet_utils.o)
                0x0000000000081b47                ToCoNet_u32GetSerial
 .text.ToCoNet_vSleep
                0x0000000000081b50      0x10d C:/Users/seigo13/Documents/work/MWSTAGE/MWSDK/TWENET/current/lib/libTWENET_BLUE_DBG.a(ToCoNet_utils.o)
                0x0000000000081b50                ToCoNet_vSleep
 .text.ToCoNet_u32GetRand
                0x0000000000081c5d       0x62 C:/Users/seigo13/Documents/work/MWSTAGE/MWSDK/TWENET/current/lib/libTWENET_BLUE_DBG.a(ToCoNet_utils.o)
                0x0000000000081c5d                ToCoNet_u32GetRand
 .text.vProcessEvCoreTx
                0x0000000000081cbf       0x64 C:/Users/seigo13/Documents/work/MWSTAGE/MWSDK/TWENET/current/lib/libTWENET_BLUE_DBG.a(ToCoNet_mod_Tx.o)
 .text.vHnd_E_STATE_FINISH_TX_FAIL
                0x0000000000081d23       0xe9 C:/Users/seigo13/Documents/work/MWSTAGE/MWSDK/TWENET/current/lib/libTWENET_BLUE_DBG.a(ToCoNet_mod_Tx.o)
 .text.vHnd_E_STATE_FINISH_TX_SUCCESS
                0x0000000000081e0c       0xc4 C:/Users/seigo13/Documents/work/MWSTAGE/MWSDK/TWENET/current/lib/libTWENET_BLUE_DBG.a(ToCoNet_mod_Tx.o)
 .text.vHnd_E_STATE_WAIT_TX
                0x0000000000081ed0       0xe6 C:/Users/seigo13/Documents/work/MWSTAGE/MWSDK/TWENET/current/lib/libTWENET_BLUE_DBG.a(ToCoNet_mod_Tx.o)
 .text.vHnd_E_STATE_PREPARE_TX
                0x0000000000081fb6      0x1f5 C:/Users/seigo13/Documents/work/MWSTAGE/MWSDK/TWENET/current/lib/libTWENET_BLUE_DBG.a(ToCoNet_mod_Tx.o)
 .text.vHnd_E_STATE_IDLE
                0x00000000000821ab       0x40 C:/Users/seigo13/Documents/work/MWSTAGE/MWSDK/TWENET/current/lib/libTWENET_BLUE_DBG.a(ToCoNet_mod_Tx.o)
 .text.vHnd_E_STATE_RUNNING
                0x00000000000821eb      0x201 C:/Users/seigo13/Documents/work/MWSTAGE/MWSDK/TWENET/current/lib/libTWENET_BLUE_DBG.a(ToCoNet_mod_Tx.o)
 .text.ToCoNet_vReg_mod_Tx_Standard
                0x00000000000823ec       0x1d C:/Users/seigo13/Documents/work/MWSTAGE/MWSDK/TWENET/current/lib/libTWENET_BLUE_DBG.a(ToCoNet_mod_Tx.o)
                0x00000000000823ec                ToCoNet_vReg_mod_Tx_Standard
 .text.ToCoNet_vReg_mod_TxRxQueueMid
                0x0000000000082409       0x81 C:/Users/seigo13/Documents/work/MWSTAGE/MWSDK/TWENET/current/lib/libTWENET_BLUE_DBG.a(ToCoNet_mod_TxRxQueue.o)
                0x0000000000082409                ToCoNet_vReg_mod_TxRxQueueMid
 .text.ToCoNet_vRxProc_Mod
                0x000000000008248a       0x66 C:/Users/seigo13/Documents/work/MWSTAGE/MWSDK/TWENET/current/lib/libTWENET_BLUE_DBG.a(ToCoNet_mod_Nwk_Common.o)
                0x000000000008248a                ToCoNet_vRxProc_Mod
 .text.ToCoNet_vRxProc_App
                0x00000000000824f0       0x8c C:/Users/seigo13/Documents/work/MWSTAGE/MWSDK/TWENET/current/lib/libTWENET_BLUE_DBG.a(ToCoNet_mod_Nwk_Common.o)
                0x00000000000824f0                ToCoNet_vRxProc_App
 .text.ToCoNet_ChMgr_bCh_OnTx
                0x000000000008257c       0x69 C:/Users/seigo13/Documents/work/MWSTAGE/MWSDK/TWENET/current/lib/libTWENET_BLUE_DBG.a(ToCoNet_mod_Channel_Mgr.o)
                0x000000000008257c                ToCoNet_ChMgr_bCh_OnTx
 .text.ToCoNet_ChMgr_bCh_Reconfig
                0x00000000000825e5       0x69 C:/Users/seigo13/Documents/work/MWSTAGE/MWSDK/TWENET/current/lib/libTWENET_BLUE_DBG.a(ToCoNet_mod_Channel_Mgr.o)
                0x00000000000825e5                ToCoNet_ChMgr_bCh_Reconfig
 .text.ToCoNet_ChMgr_vCh_TxFin
                0x000000000008264e       0x2c C:/Users/seigo13/Documents/work/MWSTAGE/MWSDK/TWENET/current/lib/libTWENET_BLUE_DBG.a(ToCoNet_mod_Channel_Mgr.o)
                0x000000000008264e                ToCoNet_ChMgr_vCh_TxFin
 .text.pvFifoPull
                0x000000000008267a       0x27 C:/Users/seigo13/Documents/work/MWSTAGE/MWSDK/TWENET/current/lib/libTWENET_BLUE_DBG.a(AppQueueApi_ToCoNet.o)
 .text.psAppQApiGetMcpsBuffer
                0x00000000000826a1        0x8 C:/Users/seigo13/Documents/work/MWSTAGE/MWSDK/TWENET/current/lib/libTWENET_BLUE_DBG.a(AppQueueApi_ToCoNet.o)
 .text.psAppQApiGetMlmeBuffer
                0x00000000000826a9        0x8 C:/Users/seigo13/Documents/work/MWSTAGE/MWSDK/TWENET/current/lib/libTWENET_BLUE_DBG.a(AppQueueApi_ToCoNet.o)
 .text.bFifoPush
                0x00000000000826b1       0x39 C:/Users/seigo13/Documents/work/MWSTAGE/MWSDK/TWENET/current/lib/libTWENET_BLUE_DBG.a(AppQueueApi_ToCoNet.o)
 .text.vAppQApiPostMcps
                0x00000000000826ea       0x1b C:/Users/seigo13/Documents/work/MWSTAGE/MWSDK/TWENET/current/lib/libTWENET_BLUE_DBG.a(AppQueueApi_ToCoNet.o)
 .text.vAppQApiPostMlme
                0x0000000000082705       0x1f C:/Users/seigo13/Documents/work/MWSTAGE/MWSDK/TWENET/current/lib/libTWENET_BLUE_DBG.a(AppQueueApi_ToCoNet.o)
 .text.vAppQApiPostHwIntT
                0x0000000000082724       0xbd C:/Users/seigo13/Documents/work/MWSTAGE/MWSDK/TWENET/current/lib/libTWENET_BLUE_DBG.a(AppQueueApi_ToCoNet.o)
 .text.u32AppQApiInitInt_PATCH
                0x00000000000827e1        0xa C:/Users/seigo13/Documents/work/MWSTAGE/MWSDK/TWENET/current/lib/libTWENET_BLUE_DBG.a(AppQueueApi_ToCoNet.o)
                0x00000000000827e1                u32AppQApiInitInt_PATCH
 .text.u32AppQApiInitNetwork
                0x00000000000827eb       0x1f C:/Users/seigo13/Documents/work/MWSTAGE/MWSDK/TWENET/current/lib/libTWENET_BLUE_DBG.a(AppQueueApi_ToCoNet.o)
                0x00000000000827eb                u32AppQApiInitNetwork
 .text.u32AppQApiInitT
                0x000000000008280a      0x1b8 C:/Users/seigo13/Documents/work/MWSTAGE/MWSDK/TWENET/current/lib/libTWENET_BLUE_DBG.a(AppQueueApi_ToCoNet.o)
                0x000000000008280a                u32AppQApiInitT
 .text.psAppQApiReadMlmeIndT
                0x00000000000829c2        0x9 C:/Users/seigo13/Documents/work/MWSTAGE/MWSDK/TWENET/current/lib/libTWENET_BLUE_DBG.a(AppQueueApi_ToCoNet.o)
                0x00000000000829c2                psAppQApiReadMlmeIndT
 .text.psAppQApiReadMcpsIndT
                0x00000000000829cb        0x9 C:/Users/seigo13/Documents/work/MWSTAGE/MWSDK/TWENET/current/lib/libTWENET_BLUE_DBG.a(AppQueueApi_ToCoNet.o)
                0x00000000000829cb                psAppQApiReadMcpsIndT
 .text.psAppQApiReadHwIndT
                0x00000000000829d4        0x9 C:/Users/seigo13/Documents/work/MWSTAGE/MWSDK/TWENET/current/lib/libTWENET_BLUE_DBG.a(AppQueueApi_ToCoNet.o)
                0x00000000000829d4                psAppQApiReadHwIndT
 .text.vAppQApiReturnMlmeIndBufferT
                0x00000000000829dd        0xb C:/Users/seigo13/Documents/work/MWSTAGE/MWSDK/TWENET/current/lib/libTWENET_BLUE_DBG.a(AppQueueApi_ToCoNet.o)
                0x00000000000829dd                vAppQApiReturnMlmeIndBufferT
 .text.vAppQApiReturnMcpsIndBufferT
                0x00000000000829e8        0xb C:/Users/seigo13/Documents/work/MWSTAGE/MWSDK/TWENET/current/lib/libTWENET_BLUE_DBG.a(AppQueueApi_ToCoNet.o)
                0x00000000000829e8                vAppQApiReturnMcpsIndBufferT
 .text.vAppQApiReturnHwIndBufferT
                0x00000000000829f3        0xb C:/Users/seigo13/Documents/work/MWSTAGE/MWSDK/TWENET/current/lib/libTWENET_BLUE_DBG.a(AppQueueApi_ToCoNet.o)
                0x00000000000829f3                vAppQApiReturnHwIndBufferT
 .text.AppColdStart
                0x00000000000829fe      0x4de C:/Users/seigo13/Documents/work/MWSTAGE/MWSDK/TWENET/current/lib/libTWENEText_BLUE_DBG.a(AppStart.o)
                0x00000000000829fe                AppColdStart
 .text._ToCoNet_vMacInit
                0x0000000000082edc       0x26 C:/Users/seigo13/Documents/work/MWSTAGE/MWSDK/TWENET/current/lib/libTWENEText_BLUE_DBG.a(AppStart.o)
                0x0000000000082edc                _ToCoNet_vMacInit
 .text.AppWarmStart
                0x0000000000082f02       0x93 C:/Users/seigo13/Documents/work/MWSTAGE/MWSDK/TWENET/current/lib/libTWENEText_BLUE_DBG.a(AppStart.o)
                0x0000000000082f02                AppWarmStart
 .text._ToCoNet_bRfChChannel
                0x0000000000082f95       0x99 C:/Users/seigo13/Documents/work/MWSTAGE/MWSDK/TWENET/current/lib/libTWENEText_BLUE_DBG.a(AppStart.o)
                0x0000000000082f95                _ToCoNet_bRfChChannel
 .text._ToCoNet_vRfConfig
                0x000000000008302e       0xc8 C:/Users/seigo13/Documents/work/MWSTAGE/MWSDK/TWENET/current/lib/libTWENEText_BLUE_DBG.a(AppStart.o)
                0x000000000008302e                _ToCoNet_vRfConfig
 .text.ToCoNet_u32GetSerialOnBoot
                0x00000000000830f6       0x43 C:/Users/seigo13/Documents/work/MWSTAGE/MWSDK/TWENET/current/lib/libTWENEText_BLUE_DBG.a(getMacAddr.o)
                0x00000000000830f6                ToCoNet_u32GetSerialOnBoot
 .text.Mac_vInit
                0x0000000000083139       0x4c C:/Users/seigo13/Documents/work/MWSTAGE/MWSDK/TWENET/current/lib/libTWENEText_BLUE_DBG.a(mac.o)
                0x0000000000083139                Mac_vInit
 .text.Mac_bRxQueueReg
                0x0000000000083185       0x38 C:/Users/seigo13/Documents/work/MWSTAGE/MWSDK/TWENET/current/lib/libTWENEText_BLUE_DBG.a(mac.o)
                0x0000000000083185                Mac_bRxQueueReg
 .text.bEncodeAES
                0x00000000000831bd       0xae C:/Users/seigo13/Documents/work/MWSTAGE/MWSDK/TWENET/current/lib/libTWENEText_BLUE_DBG.a(mac.o)
                0x00000000000831bd                bEncodeAES
 .text.Mac_bTransmit
                0x000000000008326b      0x286 C:/Users/seigo13/Documents/work/MWSTAGE/MWSDK/TWENET/current/lib/libTWENEText_BLUE_DBG.a(mac.o)
                0x000000000008326b                Mac_bTransmit
 .text.bDecodeAES
                0x00000000000834f1       0xc9 C:/Users/seigo13/Documents/work/MWSTAGE/MWSDK/TWENET/current/lib/libTWENEText_BLUE_DBG.a(mac.o)
                0x00000000000834f1                bDecodeAES
 .text.Mac_vHandleMcpsDataInd
                0x00000000000835ba      0x405 C:/Users/seigo13/Documents/work/MWSTAGE/MWSDK/TWENET/current/lib/libTWENEText_BLUE_DBG.a(mac.o)
                0x00000000000835ba                Mac_vHandleMcpsDataInd
 .text.Mac_vReset
                0x00000000000839bf       0x1d C:/Users/seigo13/Documents/work/MWSTAGE/MWSDK/TWENET/current/lib/libTWENEText_BLUE_DBG.a(mac.o)
                0x00000000000839bf                Mac_vReset
 .text.Mac_vSetRetry
                0x00000000000839dc       0x18 C:/Users/seigo13/Documents/work/MWSTAGE/MWSDK/TWENET/current/lib/libTWENEText_BLUE_DBG.a(mac.o)
                0x00000000000839dc                Mac_vSetRetry
 .text.Mac_vSetCCA
                0x00000000000839f4       0x29 C:/Users/seigo13/Documents/work/MWSTAGE/MWSDK/TWENET/current/lib/libTWENEText_BLUE_DBG.a(mac.o)
                0x00000000000839f4                Mac_vSetCCA
 .text.bAES_CCM_DecodeKey
                0x0000000000083a1d       0x8e C:/Users/seigo13/Documents/work/MWSTAGE/MWSDK/TWENET/current/lib/libTWENEText_BLUE_DBG.a(AES_CCM.o)
                0x0000000000083a1d                bAES_CCM_DecodeKey
 .text.bAES_CCM_EncodeKey
                0x0000000000083aab       0x7f C:/Users/seigo13/Documents/work/MWSTAGE/MWSDK/TWENET/current/lib/libTWENEText_BLUE_DBG.a(AES_CCM.o)
                0x0000000000083aab                bAES_CCM_EncodeKey
 .text.bAES_CCM_KeyReg
                0x0000000000083b2a       0x3f C:/Users/seigo13/Documents/work/MWSTAGE/MWSDK/TWENET/current/lib/libTWENEText_BLUE_DBG.a(AES_CCM.o)
                0x0000000000083b2a                bAES_CCM_KeyReg
 .text.bAES_CCM_Encode
                0x0000000000083b69       0x1e C:/Users/seigo13/Documents/work/MWSTAGE/MWSDK/TWENET/current/lib/libTWENEText_BLUE_DBG.a(AES_CCM.o)
                0x0000000000083b69                bAES_CCM_Encode
 .text.bAES_CCM_Decode
                0x0000000000083b87       0x1e C:/Users/seigo13/Documents/work/MWSTAGE/MWSDK/TWENET/current/lib/libTWENEText_BLUE_DBG.a(AES_CCM.o)
                0x0000000000083b87                bAES_CCM_Decode
 .text.vHandlerPatch
                0x0000000000083ba5       0x37 C:/Users/seigo13/Documents/work/MWSTAGE/MWSDK/TWENET/current/lib/libTWENEText_BLUE_DBG.a(no_ack_handler.o)
 .text.vInstallNoAckHandler
                0x0000000000083bdc       0x2a C:/Users/seigo13/Documents/work/MWSTAGE/MWSDK/TWENET/current/lib/libTWENEText_BLUE_DBG.a(no_ack_handler.o)
                0x0000000000083bdc                vInstallNoAckHandler
 .text.SERIAL_vTxReady
                0x0000000000083c06       0x2d C:/Users/seigo13/Documents/work/MWSTAGE/MWSDK/TWENET/current/lib/libTWENETutils_BLUE.a(serial.o)
                0x0000000000083c06                SERIAL_vTxReady
 .text.vRxChar  0x0000000000083c33       0x35 C:/Users/seigo13/Documents/work/MWSTAGE/MWSDK/TWENET/current/lib/libTWENETutils_BLUE.a(serial.o)
 .text.SERIAL_vInitEx
                0x0000000000083c68       0x78 C:/Users/seigo13/Documents/work/MWSTAGE/MWSDK/TWENET/current/lib/libTWENETutils_BLUE.a(serial.o)
                0x0000000000083c68                SERIAL_vInitEx
 .text.SERIAL_bTxChar
                0x0000000000083ce0       0x7e C:/Users/seigo13/Documents/work/MWSTAGE/MWSDK/TWENET/current/lib/libTWENETutils_BLUE.a(serial.o)
                0x0000000000083ce0                SERIAL_bTxChar
 .text.SERIAL_i16RxChar
                0x0000000000083d5e       0x43 C:/Users/seigo13/Documents/work/MWSTAGE/MWSDK/TWENET/current/lib/libTWENETutils_BLUE.a(serial.o)
                0x0000000000083d5e                SERIAL_i16RxChar
 .text.SERIAL_bRxQueueEmpty
                0x0000000000083da1        0xf C:/Users/seigo13/Documents/work/MWSTAGE/MWSDK/TWENET/current/lib/libTWENETutils_BLUE.a(serial.o)
                0x0000000000083da1                SERIAL_bRxQueueEmpty
 .text.SERIAL_bTxQueueEmpty
                0x0000000000083db0        0xf C:/Users/seigo13/Documents/work/MWSTAGE/MWSDK/TWENET/current/lib/libTWENETutils_BLUE.a(serial.o)
                0x0000000000083db0                SERIAL_bTxQueueEmpty
 .text.SERIAL_vFlush
                0x0000000000083dbf       0x3f C:/Users/seigo13/Documents/work/MWSTAGE/MWSDK/TWENET/current/lib/libTWENETutils_BLUE.a(serial.o)
                0x0000000000083dbf                SERIAL_vFlush
 .text.UART_vHandleUartInterrupt
                0x0000000000083dfe       0x70 C:/Users/seigo13/Documents/work/MWSTAGE/MWSDK/TWENET/current/lib/libTWENETutils_BLUE.a(uart.o)
 .text.UART_vInit
                0x0000000000083e6e      0x1a8 C:/Users/seigo13/Documents/work/MWSTAGE/MWSDK/TWENET/current/lib/libTWENETutils_BLUE.a(uart.o)
                0x0000000000083e6e                UART_vInit
 .text.UART_vRtsStopFlow
                0x0000000000084016       0x1f C:/Users/seigo13/Documents/work/MWSTAGE/MWSDK/TWENET/current/lib/libTWENETutils_BLUE.a(uart.o)
                0x0000000000084016                UART_vRtsStopFlow
 .text.UART_vRtsStartFlow
                0x0000000000084035       0x1f C:/Users/seigo13/Documents/work/MWSTAGE/MWSDK/TWENET/current/lib/libTWENETutils_BLUE.a(uart.o)
                0x0000000000084035                UART_vRtsStartFlow
 .text.UART_vTxChar
                0x0000000000084054        0x3 C:/Users/seigo13/Documents/work/MWSTAGE/MWSDK/TWENET/current/lib/libTWENETutils_BLUE.a(uart.o)
                0x0000000000084054                UART_vTxChar
 .text.UART_bTxReady
                0x0000000000084057        0xc C:/Users/seigo13/Documents/work/MWSTAGE/MWSDK/TWENET/current/lib/libTWENETutils_BLUE.a(uart.o)
                0x0000000000084057                UART_bTxReady
 .text.UART_vSetTxInterrupt
                0x0000000000084063       0x17 C:/Users/seigo13/Documents/work/MWSTAGE/MWSDK/TWENET/current/lib/libTWENETutils_BLUE.a(uart.o)
                0x0000000000084063                UART_vSetTxInterrupt
 .text.QUEUE__vInit
                0x000000000008407a       0x12 C:/Users/seigo13/Documents/work/MWSTAGE/MWSDK/TWENET/current/lib/libTWENETutils_BLUE.a(ByteQueue.o)
                0x000000000008407a                QUEUE__vInit
 .text.QUEUE__vAddItem
                0x000000000008408c       0x5f C:/Users/seigo13/Documents/work/MWSTAGE/MWSDK/TWENET/current/lib/libTWENETutils_BLUE.a(ByteQueue.o)
                0x000000000008408c                QUEUE__vAddItem
 .text.QUEUE__u8RemoveItem
                0x00000000000840eb       0x5c C:/Users/seigo13/Documents/work/MWSTAGE/MWSDK/TWENET/current/lib/libTWENETutils_BLUE.a(ByteQueue.o)
                0x00000000000840eb                QUEUE__u8RemoveItem
 .text.QUEUE__bEmpty
                0x0000000000084147        0xb C:/Users/seigo13/Documents/work/MWSTAGE/MWSDK/TWENET/current/lib/libTWENETutils_BLUE.a(ByteQueue.o)
                0x0000000000084147                QUEUE__bEmpty
 .text.QUEUE__bFull
                0x0000000000084152       0x14 C:/Users/seigo13/Documents/work/MWSTAGE/MWSDK/TWENET/current/lib/libTWENETutils_BLUE.a(ByteQueue.o)
                0x0000000000084152                QUEUE(bool,  (long __restrict, long))
 .text.QUEUE__vFlush
                0x0000000000084166       0x1f C:/Users/seigo13/Documents/work/MWSTAGE/MWSDK/TWENET/current/lib/libTWENETutils_BLUE.a(ByteQueue.o)
                0x0000000000084166                QUEUE__vFlush
 .text.QUEUE__u16Count
                0x0000000000084185        0x6 C:/Users/seigo13/Documents/work/MWSTAGE/MWSDK/TWENET/current/lib/libTWENETutils_BLUE.a(ByteQueue.o)
                0x0000000000084185                QUEUE__u16Count
 .text.u8CCITT8
                0x000000000008418b       0x26 C:/Users/seigo13/Documents/work/MWSTAGE/MWSDK/TWENET/current/lib/libTWENETutils_BLUE.a(ccitt8.o)
                0x000000000008418b                u8CCITT8
 .text.vPrintString
                0x00000000000841b1       0x83 C:/Users/seigo13/Documents/work/MWSTAGE/MWSDK/TWENET/current/lib/libTWENETutils_BLUE.a(fprintf.o)
 .text.vPrintInteger
                0x0000000000084234       0xb3 C:/Users/seigo13/Documents/work/MWSTAGE/MWSDK/TWENET/current/lib/libTWENETutils_BLUE.a(fprintf.o)
 .text.vfPrintf
                0x00000000000842e7      0x1ab C:/Users/seigo13/Documents/work/MWSTAGE/MWSDK/TWENET/current/lib/libTWENETutils_BLUE.a(fprintf.o)
                0x00000000000842e7                vfPrintf
 .text.SPRINTF_bPutChar
                0x0000000000084492       0x3c C:/Users/seigo13/Documents/work/MWSTAGE/MWSDK/TWENET/current/lib/libTWENETutils_BLUE.a(sprintf.o)
 .text.SPRINTF_vInit128
                0x00000000000844ce       0x30 C:/Users/seigo13/Documents/work/MWSTAGE/MWSDK/TWENET/current/lib/libTWENETutils_BLUE.a(sprintf.o)
                0x00000000000844ce                SPRINTF_vInit128
 .text.SPRINTF_vRewind
                0x00000000000844fe        0x9 C:/Users/seigo13/Documents/work/MWSTAGE/MWSDK/TWENET/current/lib/libTWENETutils_BLUE.a(sprintf.o)
                0x00000000000844fe                SPRINTF_vRewind
 .text.SPRINTF_pu8GetBuff
                0x0000000000084507        0x9 C:/Users/seigo13/Documents/work/MWSTAGE/MWSDK/TWENET/current/lib/libTWENETutils_BLUE.a(sprintf.o)
                0x0000000000084507                SPRINTF_pu8GetBuff
 .text.SPRINTF_u16Length
                0x0000000000084510        0x9 C:/Users/seigo13/Documents/work/MWSTAGE/MWSDK/TWENET/current/lib/libTWENETutils_BLUE.a(sprintf.o)
                0x0000000000084510                SPRINTF_u16Length
 .text.s_div_by
                0x0000000000084519       0x31 C:/Users/seigo13/Documents/work/MWSTAGE/MWSDK/TWENET/current/lib/libTWENETutils_BLUE.a(utils.o)
                0x0000000000084519                s_div_by
 *fill*         0x000000000008454a        0x2 00
 .text.vTimerConfig
                0x000000000008454c      0x164 C:/Users/seigo13/Documents/work/MWSTAGE/MWSDK/TWENET/current/lib/libTWENETutils_BLUE.a(utils.o)
                0x000000000008454c                vTimerConfig
 .text.vTimerStart
                0x00000000000846b0       0x8b C:/Users/seigo13/Documents/work/MWSTAGE/MWSDK/TWENET/current/lib/libTWENETutils_BLUE.a(utils.o)
                0x00000000000846b0                vTimerStart
 .text.vTimerStop
                0x000000000008473b       0x2f C:/Users/seigo13/Documents/work/MWSTAGE/MWSDK/TWENET/current/lib/libTWENETutils_BLUE.a(utils.o)
                0x000000000008473b                vTimerStop
 .text.pvAppApiDefGetMacHandle
                0x000000000008476a        0x9 C:/Users/seigo13/Documents/work/MWSTAGE/MWSDK/ChipLib/SW4063V1416/Components/Library\libAppApi_JN516x.a(AppApi.o)
                0x000000000008476a                pvAppApiDefGetMacHandle
 .text.vAppApiDefMlmeRequest
                0x0000000000084773       0x2f C:/Users/seigo13/Documents/work/MWSTAGE/MWSDK/ChipLib/SW4063V1416/Components/Library\libAppApi_JN516x.a(AppApi.o)
                0x0000000000084773                vAppApiDefMlmeRequest
 .text.vAppApiDefMcpsRequest
                0x00000000000847a2       0x2f C:/Users/seigo13/Documents/work/MWSTAGE/MWSDK/ChipLib/SW4063V1416/Components/Library\libAppApi_JN516x.a(AppApi.o)
                0x00000000000847a2                vAppApiDefMcpsRequest
 .text.eAppApiDefPlmeSet
                0x00000000000847d1       0x2d C:/Users/seigo13/Documents/work/MWSTAGE/MWSDK/ChipLib/SW4063V1416/Components/Library\libAppApi_JN516x.a(AppApi.o)
                0x00000000000847d1                eAppApiDefPlmeSet
 .text.eAppApiDefPlmeGet
                0x00000000000847fe       0x2d C:/Users/seigo13/Documents/work/MWSTAGE/MWSDK/ChipLib/SW4063V1416/Components/Library\libAppApi_JN516x.a(AppApi.o)
                0x00000000000847fe                eAppApiDefPlmeGet
 .text.vAppApiDefPowerUp
                0x000000000008482b       0x1d C:/Users/seigo13/Documents/work/MWSTAGE/MWSDK/ChipLib/SW4063V1416/Components/Library\libAppApi_JN516x.a(AppApi.o)
                0x000000000008482b                vAppApiDefPowerUp
 .text.vAppApiDefStartStack
                0x0000000000084848       0x51 C:/Users/seigo13/Documents/work/MWSTAGE/MWSDK/ChipLib/SW4063V1416/Components/Library\libAppApi_JN516x.a(AppApi.o)
                0x0000000000084848                vAppApiDefStartStack
 .text.vAppApiDefSetPrbsSeed
                0x0000000000084899       0x24 C:/Users/seigo13/Documents/work/MWSTAGE/MWSDK/ChipLib/SW4063V1416/Components/Library\libAppApi_JN516x.a(AppApi.o)
                0x0000000000084899                vAppApiDefSetPrbsSeed
 .text.vAppApiDefSetInterrupts
                0x00000000000848bd       0x34 C:/Users/seigo13/Documents/work/MWSTAGE/MWSDK/ChipLib/SW4063V1416/Components/Library\libAppApi_JN516x.a(AppApi.o)
                0x00000000000848bd                vAppApiDefSetInterrupts
 .text.u32AppApiDefInit
                0x00000000000848f1       0x5a C:/Users/seigo13/Documents/work/MWSTAGE/MWSDK/ChipLib/SW4063V1416/Components/Library\libAppApi_JN516x.a(AppApi.o)
                0x00000000000848f1                u32AppApiDefInit
 .text.pvAppApiDefGetMacAddrLocation
                0x000000000008494b        0x9 C:/Users/seigo13/Documents/work/MWSTAGE/MWSDK/ChipLib/SW4063V1416/Components/Library\libAppApi_JN516x.a(AppApi.o)
                0x000000000008494b                pvAppApiDefGetMacAddrLocation
 .text.vAppApiDefSaveMacSettings
                0x0000000000084954       0x5d C:/Users/seigo13/Documents/work/MWSTAGE/MWSDK/ChipLib/SW4063V1416/Components/Library\libAppApi_JN516x.a(AppApiSleep.o)
                0x0000000000084954                vAppApiDefSaveMacSettings
 .text.vMAC_RestoreSettings
                0x00000000000849b1       0xbc C:/Users/seigo13/Documents/work/MWSTAGE/MWSDK/ChipLib/SW4063V1416/Components/Library\libAppApi_JN516x.a(AppApiSleep.o)
                0x00000000000849b1                vMAC_RestoreSettings
 .text.vAppApiDefRestoreMacSettings
                0x0000000000084a6d       0x1c C:/Users/seigo13/Documents/work/MWSTAGE/MWSDK/ChipLib/SW4063V1416/Components/Library\libAppApi_JN516x.a(AppApiSleep.o)
                0x0000000000084a6d                vAppApiDefRestoreMacSettings
 .text.vSetTimer0
                0x0000000000084a89        0xf C:/Users/seigo13/Documents/work/MWSTAGE/MWSDK/ChipLib/SW4063V1416/Components/Library\libMAC_JN516x.a(mac_main.o)
                0x0000000000084a89                vSetTimer0
 .text.u32GetTimer0
                0x0000000000084a98        0x7 C:/Users/seigo13/Documents/work/MWSTAGE/MWSDK/ChipLib/SW4063V1416/Components/Library\libMAC_JN516x.a(mac_main.o)
                0x0000000000084a98                u32GetTimer0
 .text.mac_vInitTimer0
                0x0000000000084a9f       0x1d C:/Users/seigo13/Documents/work/MWSTAGE/MWSDK/ChipLib/SW4063V1416/Components/Library\libMAC_JN516x.a(mac_main.o)
                0x0000000000084a9f                mac_vInitTimer0
 .text.MAC_pvCtor
                0x0000000000084abc       0x6d C:/Users/seigo13/Documents/work/MWSTAGE/MWSDK/ChipLib/SW4063V1416/Components/Library\libMAC_JN516x.a(mac_main.o)
                0x0000000000084abc                MAC_pvCtor
 .text.MAC_vXcvBbcEvtHandler
                0x0000000000084b29       0x16 C:/Users/seigo13/Documents/work/MWSTAGE/MWSDK/ChipLib/SW4063V1416/Components/Library\libMAC_JN516x.a(mac_main.o)
                0x0000000000084b29                MAC_vXcvBbcEvtHandler
 .text.MAC_vXcvPhyEvtHandler
                0x0000000000084b3f        0xd C:/Users/seigo13/Documents/work/MWSTAGE/MWSDK/ChipLib/SW4063V1416/Components/Library\libMAC_JN516x.a(mac_main.o)
                0x0000000000084b3f                MAC_vXcvPhyEvtHandler
 .text.MAC_vHandleMcpsReqRsp
                0x0000000000084b4c       0x28 C:/Users/seigo13/Documents/work/MWSTAGE/MWSDK/ChipLib/SW4063V1416/Components/Library\libMAC_JN516x.a(mac_mcps.o)
                0x0000000000084b4c                MAC_vHandleMcpsReqRsp
 .text.vHandleTofRequest
                0x0000000000084b74       0x12 C:/Users/seigo13/Documents/work/MWSTAGE/MWSDK/ChipLib/SW4063V1416/Components/Library\libMAC_JN516x.a(mac_mlme.o)
 *fill*         0x0000000000084b86        0x2 00
 .text.MAC_vHandleMlmeReqRsp
                0x0000000000084b88       0x8c C:/Users/seigo13/Documents/work/MWSTAGE/MWSDK/ChipLib/SW4063V1416/Components/Library\libMAC_JN516x.a(mac_mlme.o)
                0x0000000000084b88                MAC_vHandleMlmeReqRsp
 .text.MAC_psPibGetHandle
                0x0000000000084c14        0x7 C:/Users/seigo13/Documents/work/MWSTAGE/MWSDK/ChipLib/SW4063V1416/Components/Library\libMAC_JN516x.a(mac_pib.o)
                0x0000000000084c14                MAC_psPibGetHandle
 .text.MAC_vPibSetShortAddr
                0x0000000000084c1b        0xe C:/Users/seigo13/Documents/work/MWSTAGE/MWSDK/ChipLib/SW4063V1416/Components/Library\libMAC_JN516x.a(mac_pib.o)
                0x0000000000084c1b                MAC_vPibSetShortAddr
 .text.MAC_vPibSetPanId
                0x0000000000084c29       0x1b C:/Users/seigo13/Documents/work/MWSTAGE/MWSDK/ChipLib/SW4063V1416/Components/Library\libMAC_JN516x.a(mac_pib.o)
                0x0000000000084c29                MAC_vPibSetPanId
 .text.MAC_vPibSetMinBe
                0x0000000000084c44       0x1e C:/Users/seigo13/Documents/work/MWSTAGE/MWSDK/ChipLib/SW4063V1416/Components/Library\libMAC_JN516x.a(mac_pib.o)
                0x0000000000084c44                MAC_vPibSetMinBe
 .text.MAC_vPibSetMaxCsmaBackoffs
                0x0000000000084c62       0x21 C:/Users/seigo13/Documents/work/MWSTAGE/MWSDK/ChipLib/SW4063V1416/Components/Library\libMAC_JN516x.a(mac_pib.o)
                0x0000000000084c62                MAC_vPibSetMaxCsmaBackoffs
 .text.MAC_vPibSetRxOnWhenIdle
                0x0000000000084c83       0x10 C:/Users/seigo13/Documents/work/MWSTAGE/MWSDK/ChipLib/SW4063V1416/Components/Library\libMAC_JN516x.a(mac_pib.o)
                0x0000000000084c83                MAC_vPibSetRxOnWhenIdle
 .text.MAC_vPibSetPromiscuousMode
                0x0000000000084c93       0x3e C:/Users/seigo13/Documents/work/MWSTAGE/MWSDK/ChipLib/SW4063V1416/Components/Library\libMAC_JN516x.a(mac_pib.o)
                0x0000000000084c93                MAC_vPibSetPromiscuousMode
 .text.MAC_vSetExtAddr
                0x0000000000084cd1       0x1f C:/Users/seigo13/Documents/work/MWSTAGE/MWSDK/ChipLib/SW4063V1416/Components/Library\libMAC_JN516x.a(mac_pib.o)
                0x0000000000084cd1                MAC_vSetExtAddr
 .text.mac_vPibSetDefaults
                0x0000000000084cf0      0x11b C:/Users/seigo13/Documents/work/MWSTAGE/MWSDK/ChipLib/SW4063V1416/Components/Library\libMAC_JN516x.a(mac_pib_mlme.o)
                0x0000000000084cf0                mac_vPibSetDefaults
 .text.mac_vPibReset
                0x0000000000084e0b       0x91 C:/Users/seigo13/Documents/work/MWSTAGE/MWSDK/ChipLib/SW4063V1416/Components/Library\libMAC_JN516x.a(mac_pib_mlme.o)
                0x0000000000084e0b                mac_vPibReset
 .text.mac_vPibCmpCoordExtAddr
                0x0000000000084e9c       0x24 C:/Users/seigo13/Documents/work/MWSTAGE/MWSDK/ChipLib/SW4063V1416/Components/Library\libMAC_JN516x.a(mac_pib_mlme.o)
                0x0000000000084e9c                mac_vPibCmpCoordExtAddr
 .text.bPMICdisassocReqSent
                0x0000000000084ec0       0x78 C:/Users/seigo13/Documents/work/MWSTAGE/MWSDK/ChipLib/SW4063V1416/Components/Library\libMAC_JN516x.a(mac_pmic.o)
 .text.bAssocRespSent
                0x0000000000084f38       0x14 C:/Users/seigo13/Documents/work/MWSTAGE/MWSDK/ChipLib/SW4063V1416/Components/Library\libMAC_JN516x.a(mac_pmic.o)
 .text.vPMICreset
                0x0000000000084f4c        0xd C:/Users/seigo13/Documents/work/MWSTAGE/MWSDK/ChipLib/SW4063V1416/Components/Library\libMAC_JN516x.a(mac_pmic.o)
                0x0000000000084f4c                vPMICreset
 .text.vPMICassociateRequest
                0x0000000000084f59       0xcf C:/Users/seigo13/Documents/work/MWSTAGE/MWSDK/ChipLib/SW4063V1416/Components/Library\libMAC_JN516x.a(mac_pmic.o)
                0x0000000000084f59                vPMICassociateRequest
 .text.vPMICassociateResponse
                0x0000000000085028       0xcb C:/Users/seigo13/Documents/work/MWSTAGE/MWSDK/ChipLib/SW4063V1416/Components/Library\libMAC_JN516x.a(mac_pmic.o)
                0x0000000000085028                vPMICassociateResponse
 .text.vPMICdisassociateRequest
                0x00000000000850f3       0xd1 C:/Users/seigo13/Documents/work/MWSTAGE/MWSDK/ChipLib/SW4063V1416/Components/Library\libMAC_JN516x.a(mac_pmic.o)
                0x00000000000850f3                vPMICdisassociateRequest
 .text.vPMICassocRespFrameReceived
                0x00000000000851c4       0x7d C:/Users/seigo13/Documents/work/MWSTAGE/MWSDK/ChipLib/SW4063V1416/Components/Library\libMAC_JN516x.a(mac_pmic.o)
                0x00000000000851c4                vPMICassocRespFrameReceived
 .text.vPMICdisassocReceived
                0x0000000000085241       0x84 C:/Users/seigo13/Documents/work/MWSTAGE/MWSDK/ChipLib/SW4063V1416/Components/Library\libMAC_JN516x.a(mac_pmic.o)
                0x0000000000085241                vPMICdisassocReceived
 .text.vPMICassocReqFrameReceived
                0x00000000000852c5       0x6a C:/Users/seigo13/Documents/work/MWSTAGE/MWSDK/ChipLib/SW4063V1416/Components/Library\libMAC_JN516x.a(mac_pmic.o)
                0x00000000000852c5                vPMICassocReqFrameReceived
 .text.vPMICpostFailedAssocDcfm
                0x000000000008532f       0x36 C:/Users/seigo13/Documents/work/MWSTAGE/MWSDK/ChipLib/SW4063V1416/Components/Library\libMAC_JN516x.a(mac_pmic.o)
                0x000000000008532f                vPMICpostFailedAssocDcfm
 .text.bPMICassocReqSent
                0x0000000000085365       0x7e C:/Users/seigo13/Documents/work/MWSTAGE/MWSDK/ChipLib/SW4063V1416/Components/Library\libMAC_JN516x.a(mac_pmic.o)
 .text.vPMICassocReqTO_1
                0x00000000000853e3       0x7e C:/Users/seigo13/Documents/work/MWSTAGE/MWSDK/ChipLib/SW4063V1416/Components/Library\libMAC_JN516x.a(mac_pmic.o)
 .text.bPMICassocReqPollSent
                0x0000000000085461       0x4f C:/Users/seigo13/Documents/work/MWSTAGE/MWSDK/ChipLib/SW4063V1416/Components/Library\libMAC_JN516x.a(mac_pmic.o)
 .text.vPMICassocReqTO_2
                0x00000000000854b0       0x19 C:/Users/seigo13/Documents/work/MWSTAGE/MWSDK/ChipLib/SW4063V1416/Components/Library\libMAC_JN516x.a(mac_pmic.o)
 .text.MAC_vRegisterMlmeDcfmIndCallbacks
                0x00000000000854c9        0x6 C:/Users/seigo13/Documents/work/MWSTAGE/MWSDK/ChipLib/SW4063V1416/Components/Library\libMAC_JN516x.a(mac_ind.o)
                0x00000000000854c9                MAC_vRegisterMlmeDcfmIndCallbacks
 .text.MAC_vRegisterMcpsDcfmIndCallbacks
                0x00000000000854cf        0x6 C:/Users/seigo13/Documents/work/MWSTAGE/MWSDK/ChipLib/SW4063V1416/Components/Library\libMAC_JN516x.a(mac_ind.o)
                0x00000000000854cf                MAC_vRegisterMcpsDcfmIndCallbacks
 .text.mac_psDcfmIndGetBuf
                0x00000000000854d5       0x21 C:/Users/seigo13/Documents/work/MWSTAGE/MWSDK/ChipLib/SW4063V1416/Components/Library\libMAC_JN516x.a(mac_ind.o)
                0x00000000000854d5                mac_psDcfmIndGetBuf
 .text.mac_eDcfmIndPost
                0x00000000000854f6       0x21 C:/Users/seigo13/Documents/work/MWSTAGE/MWSDK/ChipLib/SW4063V1416/Components/Library\libMAC_JN516x.a(mac_ind.o)
                0x00000000000854f6                mac_eDcfmIndPost
 .text.eGenlIllegal
                0x0000000000085517        0x7 C:/Users/seigo13/Documents/work/MWSTAGE/MWSDK/ChipLib/SW4063V1416/Components/Library\libMAC_JN516x.a(mac_scan.o)
 .text.eGenlDontCare
                0x000000000008551e        0x5 C:/Users/seigo13/Documents/work/MWSTAGE/MWSDK/ChipLib/SW4063V1416/Components/Library\libMAC_JN516x.a(mac_scan.o)
 .text.eWEnDEdDone
                0x0000000000085523       0x5b C:/Users/seigo13/Documents/work/MWSTAGE/MWSDK/ChipLib/SW4063V1416/Components/Library\libMAC_JN516x.a(mac_scan.o)
 .text.eWEnDTmrExpiry
                0x000000000008557e        0xb C:/Users/seigo13/Documents/work/MWSTAGE/MWSDK/ChipLib/SW4063V1416/Components/Library\libMAC_JN516x.a(mac_scan.o)
 .text.vPostDcfm
                0x0000000000085589       0xd4 C:/Users/seigo13/Documents/work/MWSTAGE/MWSDK/ChipLib/SW4063V1416/Components/Library\libMAC_JN516x.a(mac_scan.o)
 .text.eWCoRRxDone
                0x000000000008565d       0x97 C:/Users/seigo13/Documents/work/MWSTAGE/MWSDK/ChipLib/SW4063V1416/Components/Library\libMAC_JN516x.a(mac_scan.o)
 .text.eGenRxHdrDone
                0x00000000000856f4       0x10 C:/Users/seigo13/Documents/work/MWSTAGE/MWSDK/ChipLib/SW4063V1416/Components/Library\libMAC_JN516x.a(mac_scan.o)
 .text.eWONTTxDone
                0x0000000000085704       0x2e C:/Users/seigo13/Documents/work/MWSTAGE/MWSDK/ChipLib/SW4063V1416/Components/Library\libMAC_JN516x.a(mac_scan.o)
 .text.eWBRTTxDone
                0x0000000000085732       0x1e C:/Users/seigo13/Documents/work/MWSTAGE/MWSDK/ChipLib/SW4063V1416/Components/Library\libMAC_JN516x.a(mac_scan.o)
 .text.eWBcnRxDone
                0x0000000000085750      0x194 C:/Users/seigo13/Documents/work/MWSTAGE/MWSDK/ChipLib/SW4063V1416/Components/Library\libMAC_JN516x.a(mac_scan.o)
 .text.eWChCChanChgd
                0x00000000000858e4      0x197 C:/Users/seigo13/Documents/work/MWSTAGE/MWSDK/ChipLib/SW4063V1416/Components/Library\libMAC_JN516x.a(mac_scan.o)
 .text.eScanHandleEvt
                0x0000000000085a7b       0x32 C:/Users/seigo13/Documents/work/MWSTAGE/MWSDK/ChipLib/SW4063V1416/Components/Library\libMAC_JN516x.a(mac_scan.o)
                0x0000000000085a7b                eScanHandleEvt
 .text.vScanHandleTimer
                0x0000000000085aad        0x4 C:/Users/seigo13/Documents/work/MWSTAGE/MWSDK/ChipLib/SW4063V1416/Components/Library\libMAC_JN516x.a(mac_scan.o)
 .text.mac_eScanInit
                0x0000000000085ab1       0x16 C:/Users/seigo13/Documents/work/MWSTAGE/MWSDK/ChipLib/SW4063V1416/Components/Library\libMAC_JN516x.a(mac_scan.o)
                0x0000000000085ab1                mac_eScanInit
 .text.mac_eScanHandleXcvBbcEvt
                0x0000000000085ac7        0xb C:/Users/seigo13/Documents/work/MWSTAGE/MWSDK/ChipLib/SW4063V1416/Components/Library\libMAC_JN516x.a(mac_scan.o)
                0x0000000000085ac7                mac_eScanHandleXcvBbcEvt
 .text.mac_eScanHandleXcvPhyEvt
                0x0000000000085ad2        0xb C:/Users/seigo13/Documents/work/MWSTAGE/MWSDK/ChipLib/SW4063V1416/Components/Library\libMAC_JN516x.a(mac_scan.o)
                0x0000000000085ad2                mac_eScanHandleXcvPhyEvt
 .text.vSetNextChannel
                0x0000000000085add       0x58 C:/Users/seigo13/Documents/work/MWSTAGE/MWSDK/ChipLib/SW4063V1416/Components/Library\libMAC_JN516x.a(mac_scan.o)
 .text.mac_vScanHandleMlmeReq
                0x0000000000085b35       0xaa C:/Users/seigo13/Documents/work/MWSTAGE/MWSDK/ChipLib/SW4063V1416/Components/Library\libMAC_JN516x.a(mac_scan.o)
                0x0000000000085b35                mac_vScanHandleMlmeReq
 .text.eGenTmrExpiry
                0x0000000000085bdf       0x42 C:/Users/seigo13/Documents/work/MWSTAGE/MWSDK/ChipLib/SW4063V1416/Components/Library\libMAC_JN516x.a(mac_scan.o)
 .text.eWEDTEdDone
                0x0000000000085c21       0x24 C:/Users/seigo13/Documents/work/MWSTAGE/MWSDK/ChipLib/SW4063V1416/Components/Library\libMAC_JN516x.a(mac_scan.o)
 .text.mac_u32LPBGetBeaconTimeout
                0x0000000000085c45        0x9 C:/Users/seigo13/Documents/work/MWSTAGE/MWSDK/ChipLib/SW4063V1416/Components/Library\libMAC_JN516x.a(mac_lp.o)
                0x0000000000085c45                mac_u32LPBGetBeaconTimeout
 .text.mac_vLPBStopTimer
                0x0000000000085c4e        0xb C:/Users/seigo13/Documents/work/MWSTAGE/MWSDK/ChipLib/SW4063V1416/Components/Library\libMAC_JN516x.a(mac_lp.o)
                0x0000000000085c4e                mac_vLPBStopTimer
 .text.mac_vLPBAdjustBeaconOffset
                0x0000000000085c59       0x5d C:/Users/seigo13/Documents/work/MWSTAGE/MWSDK/ChipLib/SW4063V1416/Components/Library\libMAC_JN516x.a(mac_lp.o)
                0x0000000000085c59                mac_vLPBAdjustBeaconOffset
 .text.mac_vLPBSleep
                0x0000000000085cb6       0x4c C:/Users/seigo13/Documents/work/MWSTAGE/MWSDK/ChipLib/SW4063V1416/Components/Library\libMAC_JN516x.a(mac_lp.o)
                0x0000000000085cb6                mac_vLPBSleep
 .text.MAC_u32ConvertFrom16uS
                0x0000000000085d02       0x3a C:/Users/seigo13/Documents/work/MWSTAGE/MWSDK/ChipLib/SW4063V1416/Components/Library\libMAC_JN516x.a(mac_lp.o)
                0x0000000000085d02                MAC_u32ConvertFrom16uS
 .text.mac_vLPBStartTimer
                0x0000000000085d3c       0x7f C:/Users/seigo13/Documents/work/MWSTAGE/MWSDK/ChipLib/SW4063V1416/Components/Library\libMAC_JN516x.a(mac_lp.o)
                0x0000000000085d3c                mac_vLPBStartTimer
 .text.bSearchQueue
                0x0000000000085dbb       0x2f C:/Users/seigo13/Documents/work/MWSTAGE/MWSDK/ChipLib/SW4063V1416/Components/Library\libMAC_JN516x.a(MCPS.o)
 .text.bMCPSframeTXcomplete
                0x0000000000085dea       0x53 C:/Users/seigo13/Documents/work/MWSTAGE/MWSDK/ChipLib/SW4063V1416/Components/Library\libMAC_JN516x.a(MCPS.o)
 .text.vTAM_MCPSdataRequest
                0x0000000000085e3d       0x43 C:/Users/seigo13/Documents/work/MWSTAGE/MWSDK/ChipLib/SW4063V1416/Components/Library\libMAC_JN516x.a(MCPS.o)
                0x0000000000085e3d                vTAM_MCPSdataRequest
 .text.vTAM_MCPSpurgeRequest
                0x0000000000085e80       0x5d C:/Users/seigo13/Documents/work/MWSTAGE/MWSDK/ChipLib/SW4063V1416/Components/Library\libMAC_JN516x.a(MCPS.o)
                0x0000000000085e80                vTAM_MCPSpurgeRequest
 .text.vMCPSframeReceived
                0x0000000000085edd       0x4e C:/Users/seigo13/Documents/work/MWSTAGE/MWSDK/ChipLib/SW4063V1416/Components/Library\libMAC_JN516x.a(MCPS.o)
                0x0000000000085edd                vMCPSframeReceived
 .text.phy_ePibSet.part.1
                0x0000000000085f2b       0x66 C:/Users/seigo13/Documents/work/MWSTAGE/MWSDK/ChipLib/SW4063V1416/Components/Library\libMAC_JN516x.a(phy_pib.o)
 .text.phy_ePibGet
                0x0000000000085f91       0x33 C:/Users/seigo13/Documents/work/MWSTAGE/MWSDK/ChipLib/SW4063V1416/Components/Library\libMAC_JN516x.a(phy_pib.o)
                0x0000000000085f91                phy_ePibGet
 .text.vPhySetChannel
                0x0000000000085fc4       0x97 C:/Users/seigo13/Documents/work/MWSTAGE/MWSDK/ChipLib/SW4063V1416/Components/Library\libMAC_JN516x.a(phy_pib.o)
                0x0000000000085fc4                vPhySetChannel
 .text.phy_ePibSet
                0x000000000008605b       0x3d C:/Users/seigo13/Documents/work/MWSTAGE/MWSDK/ChipLib/SW4063V1416/Components/Library\libMAC_JN516x.a(phy_pib.o)
                0x000000000008605b                phy_ePibSet
 .text.phy_vPibSetDefaults
                0x0000000000086098       0x1e C:/Users/seigo13/Documents/work/MWSTAGE/MWSDK/ChipLib/SW4063V1416/Components/Library\libMAC_JN516x.a(phy_pib.o)
                0x0000000000086098                phy_vPibSetDefaults
 .text.bTAMinPAN
                0x00000000000860b6       0x14 C:/Users/seigo13/Documents/work/MWSTAGE/MWSDK/ChipLib/SW4063V1416/Components/Library\libMAC_JN516x.a(TAM.o)
                0x00000000000860b6                bTAMinPAN
 .text.vTAM_MLMEstartRequest
                0x00000000000860ca       0x7d C:/Users/seigo13/Documents/work/MWSTAGE/MWSDK/ChipLib/SW4063V1416/Components/Library\libMAC_JN516x.a(TAM.o)
                0x00000000000860ca                vTAM_MLMEstartRequest
 .text.vTAM_MLMEsyncRequest
                0x0000000000086147       0x18 C:/Users/seigo13/Documents/work/MWSTAGE/MWSDK/ChipLib/SW4063V1416/Components/Library\libMAC_JN516x.a(TAM.o)
                0x0000000000086147                vTAM_MLMEsyncRequest
 *fill*         0x000000000008615f        0x1 00
 .text.eTAMselect
                0x0000000000086160      0x134 C:/Users/seigo13/Documents/work/MWSTAGE/MWSDK/ChipLib/SW4063V1416/Components/Library\libMAC_JN516x.a(TAM.o)
                0x0000000000086160                eTAMselect
 .text.vTAMreset
                0x0000000000086294      0x1b7 C:/Users/seigo13/Documents/work/MWSTAGE/MWSDK/ChipLib/SW4063V1416/Components/Library\libMAC_JN516x.a(TAM.o)
                0x0000000000086294                vTAMreset
 .text.eTAMevent
                0x000000000008644b       0x17 C:/Users/seigo13/Documents/work/MWSTAGE/MWSDK/ChipLib/SW4063V1416/Components/Library\libMAC_JN516x.a(TAM.o)
                0x000000000008644b                eTAMevent
 .text.vTrySendFromDirectCAP
                0x0000000000086462       0x1f C:/Users/seigo13/Documents/work/MWSTAGE/MWSDK/ChipLib/SW4063V1416/Components/Library\libMAC_JN516x.a(TAMCO.o)
 .text.vTrySendFromDirectNoBeacon
                0x0000000000086481       0x2f C:/Users/seigo13/Documents/work/MWSTAGE/MWSDK/ChipLib/SW4063V1416/Components/Library\libMAC_JN516x.a(TAMCO.o)
 .text.vTAMCOint1Fired
                0x00000000000864b0       0xd1 C:/Users/seigo13/Documents/work/MWSTAGE/MWSDK/ChipLib/SW4063V1416/Components/Library\libMAC_JN516x.a(TAMCO.o)
                0x00000000000864b0                vTAMCOint1Fired
 .text.vTAMCOframeTXbeacon
                0x0000000000086581       0xb0 C:/Users/seigo13/Documents/work/MWSTAGE/MWSDK/ChipLib/SW4063V1416/Components/Library\libMAC_JN516x.a(TAMCO.o)
                0x0000000000086581                vTAMCOframeTXbeacon
 .text.vTAMCOint2Fired
                0x0000000000086631       0x21 C:/Users/seigo13/Documents/work/MWSTAGE/MWSDK/ChipLib/SW4063V1416/Components/Library\libMAC_JN516x.a(TAMCO.o)
                0x0000000000086631                vTAMCOint2Fired
 .text.vTAMCOframeTXgoingIdle
                0x0000000000086652       0x19 C:/Users/seigo13/Documents/work/MWSTAGE/MWSDK/ChipLib/SW4063V1416/Components/Library\libMAC_JN516x.a(TAMCO.o)
                0x0000000000086652                vTAMCOframeTXgoingIdle
 .text.vTAMCOint1FiredCAP
                0x000000000008666b       0x78 C:/Users/seigo13/Documents/work/MWSTAGE/MWSDK/ChipLib/SW4063V1416/Components/Library\libMAC_JN516x.a(TAMCO.o)
                0x000000000008666b                vTAMCOint1FiredCAP
 .text.vTAMCOframeTXcap
                0x00000000000866e3       0x24 C:/Users/seigo13/Documents/work/MWSTAGE/MWSDK/ChipLib/SW4063V1416/Components/Library\libMAC_JN516x.a(TAMCO.o)
                0x00000000000866e3                vTAMCOframeTXcap
 .text.vTAMCOframeRXcap
                0x0000000000086707       0x12 C:/Users/seigo13/Documents/work/MWSTAGE/MWSDK/ChipLib/SW4063V1416/Components/Library\libMAC_JN516x.a(TAMCO.o)
                0x0000000000086707                vTAMCOframeRXcap
 .text.vTAMCOframeRXgoingIdle
                0x0000000000086719       0x16 C:/Users/seigo13/Documents/work/MWSTAGE/MWSDK/ChipLib/SW4063V1416/Components/Library\libMAC_JN516x.a(TAMCO.o)
                0x0000000000086719                vTAMCOframeRXgoingIdle
 .text.vTAMCOframeTXnobeacon
                0x000000000008672f       0x15 C:/Users/seigo13/Documents/work/MWSTAGE/MWSDK/ChipLib/SW4063V1416/Components/Library\libMAC_JN516x.a(TAMCO.o)
                0x000000000008672f                vTAMCOframeTXnobeacon
 .text.vTAMCOframeRXnobeacon
                0x0000000000086744       0x12 C:/Users/seigo13/Documents/work/MWSTAGE/MWSDK/ChipLib/SW4063V1416/Components/Library\libMAC_JN516x.a(TAMCO.o)
                0x0000000000086744                vTAMCOframeRXnobeacon
 .text.vTAMCOreqTXnoBeacon
                0x0000000000086756       0x12 C:/Users/seigo13/Documents/work/MWSTAGE/MWSDK/ChipLib/SW4063V1416/Components/Library\libMAC_JN516x.a(TAMCO.o)
                0x0000000000086756                vTAMCOreqTXnoBeacon
 .text.vTAMCOreqTXinCAP
                0x0000000000086768       0x29 C:/Users/seigo13/Documents/work/MWSTAGE/MWSDK/ChipLib/SW4063V1416/Components/Library\libMAC_JN516x.a(TAMCO.o)
                0x0000000000086768                vTAMCOreqTXinCAP
 .text.vTAMCOsetCoordinator
                0x0000000000086791       0x29 C:/Users/seigo13/Documents/work/MWSTAGE/MWSDK/ChipLib/SW4063V1416/Components/Library\libMAC_JN516x.a(TAMCO.o)
                0x0000000000086791                vTAMCOsetCoordinator
 .text.vTAMCOstartBeacon
                0x00000000000867ba       0x3c C:/Users/seigo13/Documents/work/MWSTAGE/MWSDK/ChipLib/SW4063V1416/Components/Library\libMAC_JN516x.a(TAMCO.o)
                0x00000000000867ba                vTAMCOstartBeacon
 .text.vStartStoreValues
                0x00000000000867f6       0xc1 C:/Users/seigo13/Documents/work/MWSTAGE/MWSDK/ChipLib/SW4063V1416/Components/Library\libMAC_JN516x.a(TAMCO.o)
 .text.vTAMCO_MLMEstartRequest
                0x00000000000868b7      0x103 C:/Users/seigo13/Documents/work/MWSTAGE/MWSDK/ChipLib/SW4063V1416/Components/Library\libMAC_JN516x.a(TAMCO.o)
                0x00000000000868b7                vTAMCO_MLMEstartRequest
 .text.bStartCallback
                0x00000000000869ba       0x29 C:/Users/seigo13/Documents/work/MWSTAGE/MWSDK/ChipLib/SW4063V1416/Components/Library\libMAC_JN516x.a(TAMCO.o)
 .text.vTAMCOframeStarting
                0x00000000000869e3       0x19 C:/Users/seigo13/Documents/work/MWSTAGE/MWSDK/ChipLib/SW4063V1416/Components/Library\libMAC_JN516x.a(TAMCO.o)
                0x00000000000869e3                vTAMCOframeStarting
 .text.vTAMCOupdatePendingList
                0x00000000000869fc       0xc5 C:/Users/seigo13/Documents/work/MWSTAGE/MWSDK/ChipLib/SW4063V1416/Components/Library\libMAC_JN516x.a(TAMCO.o)
                0x00000000000869fc                vTAMCOupdatePendingList
 .text.vSetPHYfromMacValue
                0x0000000000086ac1       0x3f C:/Users/seigo13/Documents/work/MWSTAGE/MWSDK/ChipLib/SW4063V1416/Components/Library\libMAC_JN516x.a(TAMDE.o)
 .text.vTrySendUnslotted
                0x0000000000086b00       0x1c C:/Users/seigo13/Documents/work/MWSTAGE/MWSDK/ChipLib/SW4063V1416/Components/Library\libMAC_JN516x.a(TAMDE.o)
 .text.bSendDataRequest
                0x0000000000086b1c      0x108 C:/Users/seigo13/Documents/work/MWSTAGE/MWSDK/ChipLib/SW4063V1416/Components/Library\libMAC_JN516x.a(TAMDE.o)
 .text.bProcessBeaconRX
                0x0000000000086c24       0xde C:/Users/seigo13/Documents/work/MWSTAGE/MWSDK/ChipLib/SW4063V1416/Components/Library\libMAC_JN516x.a(TAMDE.o)
 .text.vTAMDEint1FiredTracking
                0x0000000000086d02       0x5e C:/Users/seigo13/Documents/work/MWSTAGE/MWSDK/ChipLib/SW4063V1416/Components/Library\libMAC_JN516x.a(TAMDE.o)
                0x0000000000086d02                vTAMDEint1FiredTracking
 .text.vTAMDEdetermineNullState
                0x0000000000086d60       0x1d C:/Users/seigo13/Documents/work/MWSTAGE/MWSDK/ChipLib/SW4063V1416/Components/Library\libMAC_JN516x.a(TAMDE.o)
                0x0000000000086d60                vTAMDEdetermineNullState
 .text.vTAMDEint1FiredWaitDR
                0x0000000000086d7d        0xe C:/Users/seigo13/Documents/work/MWSTAGE/MWSDK/ChipLib/SW4063V1416/Components/Library\libMAC_JN516x.a(TAMDE.o)
                0x0000000000086d7d                vTAMDEint1FiredWaitDR
 .text.vTAMDEint1FiredTrackingCAPgts
                0x0000000000086d8b       0xb0 C:/Users/seigo13/Documents/work/MWSTAGE/MWSDK/ChipLib/SW4063V1416/Components/Library\libMAC_JN516x.a(TAMDE.o)
                0x0000000000086d8b                vTAMDEint1FiredTrackingCAPgts
 .text.vTAMDEint1FiredSyncReq
                0x0000000000086e3b       0x63 C:/Users/seigo13/Documents/work/MWSTAGE/MWSDK/ChipLib/SW4063V1416/Components/Library\libMAC_JN516x.a(TAMDE.o)
                0x0000000000086e3b                vTAMDEint1FiredSyncReq
 .text.vTAMDEstartSync
                0x0000000000086e9e       0x71 C:/Users/seigo13/Documents/work/MWSTAGE/MWSDK/ChipLib/SW4063V1416/Components/Library\libMAC_JN516x.a(TAMDE.o)
                0x0000000000086e9e                vTAMDEstartSync
 .text.vDeterminePowerState
                0x0000000000086f0f       0x89 C:/Users/seigo13/Documents/work/MWSTAGE/MWSDK/ChipLib/SW4063V1416/Components/Library\libMAC_JN516x.a(TAMDE.o)
 .text.vTAMDEreqTXnullTrackingCAP
                0x0000000000086f98       0x19 C:/Users/seigo13/Documents/work/MWSTAGE/MWSDK/ChipLib/SW4063V1416/Components/Library\libMAC_JN516x.a(TAMDE.o)
                0x0000000000086f98                vTAMDEreqTXnullTrackingCAP
 .text.vTAMDEframeTXDEnull
                0x0000000000086fb1       0x22 C:/Users/seigo13/Documents/work/MWSTAGE/MWSDK/ChipLib/SW4063V1416/Components/Library\libMAC_JN516x.a(TAMDE.o)
                0x0000000000086fb1                vTAMDEframeTXDEnull
 .text.vTAMDEframeTXtrackingCAPgts
                0x0000000000086fd3       0x2b C:/Users/seigo13/Documents/work/MWSTAGE/MWSDK/ChipLib/SW4063V1416/Components/Library\libMAC_JN516x.a(TAMDE.o)
                0x0000000000086fd3                vTAMDEframeTXtrackingCAPgts
 .text.vTAMDEframeRX
                0x0000000000086ffe       0x2a C:/Users/seigo13/Documents/work/MWSTAGE/MWSDK/ChipLib/SW4063V1416/Components/Library\libMAC_JN516x.a(TAMDE.o)
                0x0000000000086ffe                vTAMDEframeRX
 .text.vTAMDEint2FiredPollActive
                0x0000000000087028       0x31 C:/Users/seigo13/Documents/work/MWSTAGE/MWSDK/ChipLib/SW4063V1416/Components/Library\libMAC_JN516x.a(TAMDE.o)
                0x0000000000087028                vTAMDEint2FiredPollActive
 .text.vTAMDEint2FiredTrackingDR
                0x0000000000087059       0x25 C:/Users/seigo13/Documents/work/MWSTAGE/MWSDK/ChipLib/SW4063V1416/Components/Library\libMAC_JN516x.a(TAMDE.o)
                0x0000000000087059                vTAMDEint2FiredTrackingDR
 .text.vTAMDEframeRXtrackingDR
                0x000000000008707e       0x42 C:/Users/seigo13/Documents/work/MWSTAGE/MWSDK/ChipLib/SW4063V1416/Components/Library\libMAC_JN516x.a(TAMDE.o)
                0x000000000008707e                vTAMDEframeRXtrackingDR
 .text.vTAMDEframeTXtrackingDR
                0x00000000000870c0       0x5a C:/Users/seigo13/Documents/work/MWSTAGE/MWSDK/ChipLib/SW4063V1416/Components/Library\libMAC_JN516x.a(TAMDE.o)
                0x00000000000870c0                vTAMDEframeTXtrackingDR
 .text.vTAMDEint1FiredTrackingBeacon
                0x000000000008711a       0x98 C:/Users/seigo13/Documents/work/MWSTAGE/MWSDK/ChipLib/SW4063V1416/Components/Library\libMAC_JN516x.a(TAMDE.o)
                0x000000000008711a                vTAMDEint1FiredTrackingBeacon
 .text.vTAMDEframeRXsyncReq
                0x00000000000871b2      0x221 C:/Users/seigo13/Documents/work/MWSTAGE/MWSDK/ChipLib/SW4063V1416/Components/Library\libMAC_JN516x.a(TAMDE.o)
                0x00000000000871b2                vTAMDEframeRXsyncReq
 .text.vTAMDEframePreSyncReq
                0x00000000000873d3       0x18 C:/Users/seigo13/Documents/work/MWSTAGE/MWSDK/ChipLib/SW4063V1416/Components/Library\libMAC_JN516x.a(TAMDE.o)
                0x00000000000873d3                vTAMDEframePreSyncReq
 .text.vTAMDE_MLMEsyncRequest
                0x00000000000873eb       0x2f C:/Users/seigo13/Documents/work/MWSTAGE/MWSDK/ChipLib/SW4063V1416/Components/Library\libMAC_JN516x.a(TAMDE.o)
                0x00000000000873eb                vTAMDE_MLMEsyncRequest
 .text.vMEMreset
                0x000000000008741a       0x68 C:/Users/seigo13/Documents/work/MWSTAGE/MWSDK/ChipLib/SW4063V1416/Components/Library\libMAC_JN516x.a(TAM_MEM.o)
                0x000000000008741a                vMEMreset
 .text.pvMEMget
                0x0000000000087482       0x29 C:/Users/seigo13/Documents/work/MWSTAGE/MWSDK/ChipLib/SW4063V1416/Components/Library\libMAC_JN516x.a(TAM_MEM.o)
                0x0000000000087482                pvMEMget
 .text.vMEMreturn
                0x00000000000874ab       0x6e C:/Users/seigo13/Documents/work/MWSTAGE/MWSDK/ChipLib/SW4063V1416/Components/Library\libMAC_JN516x.a(TAM_MEM.o)
                0x00000000000874ab                vMEMreturn
 .text.vMLMEbeaconNotify
                0x0000000000087519      0x158 C:/Users/seigo13/Documents/work/MWSTAGE/MWSDK/ChipLib/SW4063V1416/Components/Library\libMAC_JN516x.a(TAM_MLME.o)
                0x0000000000087519                vMLMEbeaconNotify
 .text.vMLMEsyncLoss
                0x0000000000087671       0x32 C:/Users/seigo13/Documents/work/MWSTAGE/MWSDK/ChipLib/SW4063V1416/Components/Library\libMAC_JN516x.a(TAM_MLME.o)
                0x0000000000087671                vMLMEsyncLoss
 .text.vMLMEcommStatus
                0x00000000000876a3       0x62 C:/Users/seigo13/Documents/work/MWSTAGE/MWSDK/ChipLib/SW4063V1416/Components/Library\libMAC_JN516x.a(TAM_MLME.o)
                0x00000000000876a3                vMLMEcommStatus
 .text.vMLMEcommStatusFromFrame
                0x0000000000087705       0x44 C:/Users/seigo13/Documents/work/MWSTAGE/MWSDK/ChipLib/SW4063V1416/Components/Library\libMAC_JN516x.a(TAM_MLME.o)
                0x0000000000087705                vMLMEcommStatusFromFrame
 .text.vMLMErxEnableConfirm
                0x0000000000087749       0x31 C:/Users/seigo13/Documents/work/MWSTAGE/MWSDK/ChipLib/SW4063V1416/Components/Library\libMAC_JN516x.a(TAM_MLME.o)
                0x0000000000087749                vMLMErxEnableConfirm
 .text.vTAHsetCutOff
                0x000000000008777a        0xa C:/Users/seigo13/Documents/work/MWSTAGE/MWSDK/ChipLib/SW4063V1416/Components/Library\libMAC_JN516x.a(TAM_TAH.o)
                0x000000000008777a                vTAHsetCutOff
 .text.vTAHsetSyncLock
                0x0000000000087784       0x18 C:/Users/seigo13/Documents/work/MWSTAGE/MWSDK/ChipLib/SW4063V1416/Components/Library\libMAC_JN516x.a(TAM_TAH.o)
                0x0000000000087784                vTAHsetSyncLock
 .text.vTAHsetPhyStateDirect
                0x000000000008779c       0x2f C:/Users/seigo13/Documents/work/MWSTAGE/MWSDK/ChipLib/SW4063V1416/Components/Library\libMAC_JN516x.a(TAM_TAH.o)
                0x000000000008779c                vTAHsetPhyStateDirect
 .text.vTAHsetPhyState
                0x00000000000877cb       0x34 C:/Users/seigo13/Documents/work/MWSTAGE/MWSDK/ChipLib/SW4063V1416/Components/Library\libMAC_JN516x.a(TAM_TAH.o)
                0x00000000000877cb                vTAHsetPhyState
 .text.vTAIsetCapTime
                0x00000000000877ff       0x1a C:/Users/seigo13/Documents/work/MWSTAGE/MWSDK/ChipLib/SW4063V1416/Components/Library\libMAC_JN516x.a(TAM_TAI.o)
                0x00000000000877ff                vTAIsetCapTime
 .text.vTAIsetRxEnableTime
                0x0000000000087819       0x1a C:/Users/seigo13/Documents/work/MWSTAGE/MWSDK/ChipLib/SW4063V1416/Components/Library\libMAC_JN516x.a(TAM_TAI.o)
                0x0000000000087819                vTAIsetRxEnableTime
 .text.vTAIdisableInterrupt
                0x0000000000087833        0xd C:/Users/seigo13/Documents/work/MWSTAGE/MWSDK/ChipLib/SW4063V1416/Components/Library\libMAC_JN516x.a(TAM_TAI.o)
                0x0000000000087833                vTAIdisableInterrupt
 .text.vWriteFrame
                0x0000000000087840       0x7c C:/Users/seigo13/Documents/work/MWSTAGE/MWSDK/ChipLib/SW4063V1416/Components/Library\libMAC_JN516x.a(TAM_TAT.o)
 .text.vTATstartReceiveAt
                0x00000000000878bc       0x1b C:/Users/seigo13/Documents/work/MWSTAGE/MWSDK/ChipLib/SW4063V1416/Components/Library\libMAC_JN516x.a(TAM_TAT.o)
                0x00000000000878bc                vTATstartReceiveAt
 .text.eTATreadTXstatus
                0x00000000000878d7       0x46 C:/Users/seigo13/Documents/work/MWSTAGE/MWSDK/ChipLib/SW4063V1416/Components/Library\libMAC_JN516x.a(TAM_TAT.o)
                0x00000000000878d7                eTATreadTXstatus
 .text.vTATgetFrameAddress
                0x000000000008791d       0x20 C:/Users/seigo13/Documents/work/MWSTAGE/MWSDK/ChipLib/SW4063V1416/Components/Library\libMAC_JN516x.a(TAM_TAT.o)
                0x000000000008791d                vTATgetFrameAddress
 .text.vTATgetFramePayload
                0x000000000008793d       0x1d C:/Users/seigo13/Documents/work/MWSTAGE/MWSDK/ChipLib/SW4063V1416/Components/Library\libMAC_JN516x.a(TAM_TAT.o)
                0x000000000008793d                vTATgetFramePayload
 .text.vTATsetBLE
                0x000000000008795a       0x3e C:/Users/seigo13/Documents/work/MWSTAGE/MWSDK/ChipLib/SW4063V1416/Components/Library\libMAC_JN516x.a(TAM_TAT.o)
                0x000000000008795a                vTATsetBLE
 .text.vTATwriteAclMaterialToHardware
                0x0000000000087998       0x25 C:/Users/seigo13/Documents/work/MWSTAGE/MWSDK/ChipLib/SW4063V1416/Components/Library\libMAC_JN516x.a(TAM_TAT.o)
                0x0000000000087998                vTATwriteAclMaterialToHardware
 .text.bIsBbcSafeForTx
                0x00000000000879bd       0x35 C:/Users/seigo13/Documents/work/MWSTAGE/MWSDK/ChipLib/SW4063V1416/Components/Library\libMAC_JN516x.a(TAM_TAT.o)
                0x00000000000879bd                bIsBbcSafeForTx
 .text.bTATsendFrame
                0x00000000000879f2       0x56 C:/Users/seigo13/Documents/work/MWSTAGE/MWSDK/ChipLib/SW4063V1416/Components/Library\libMAC_JN516x.a(TAM_TAT.o)
                0x00000000000879f2                bTATsendFrame
 .text.bTATsendFrameAt
                0x0000000000087a48       0x3f C:/Users/seigo13/Documents/work/MWSTAGE/MWSDK/ChipLib/SW4063V1416/Components/Library\libMAC_JN516x.a(TAM_TAT.o)
                0x0000000000087a48                bTATsendFrameAt
 .text.bSendSyncLoss
                0x0000000000087a87       0x18 C:/Users/seigo13/Documents/work/MWSTAGE/MWSDK/ChipLib/SW4063V1416/Components/Library\libMAC_JN516x.a(TAMcommon.o)
 .text.bTACassessBeaconForPayload
                0x0000000000087a9f       0x51 C:/Users/seigo13/Documents/work/MWSTAGE/MWSDK/ChipLib/SW4063V1416/Components/Library\libMAC_JN516x.a(TAMcommon.o)
                0x0000000000087a9f                bTACassessBeaconForPayload
 .text.vTACinformOriginator
                0x0000000000087af0       0x23 C:/Users/seigo13/Documents/work/MWSTAGE/MWSDK/ChipLib/SW4063V1416/Components/Library\libMAC_JN516x.a(TAMcommon.o)
                0x0000000000087af0                vTACinformOriginator
 *fill*         0x0000000000087b13        0x1 00
 .text.eTACprocessFrameTXcomplete
                0x0000000000087b14      0x158 C:/Users/seigo13/Documents/work/MWSTAGE/MWSDK/ChipLib/SW4063V1416/Components/Library\libMAC_JN516x.a(TAMcommon.o)
                0x0000000000087b14                eTACprocessFrameTXcomplete
 .text.bTACcheckPANconflict
                0x0000000000087c6c       0x9f C:/Users/seigo13/Documents/work/MWSTAGE/MWSDK/ChipLib/SW4063V1416/Components/Library\libMAC_JN516x.a(TAMcommon.o)
                0x0000000000087c6c                bTACcheckPANconflict
 .text.vTACsetPHYfromMacValue
                0x0000000000087d0b       0x28 C:/Users/seigo13/Documents/work/MWSTAGE/MWSDK/ChipLib/SW4063V1416/Components/Library\libMAC_JN516x.a(TAMcommon.o)
                0x0000000000087d0b                vTACsetPHYfromMacValue
 .text.bTACframeInProgress
                0x0000000000087d33       0x27 C:/Users/seigo13/Documents/work/MWSTAGE/MWSDK/ChipLib/SW4063V1416/Components/Library\libMAC_JN516x.a(TAMcommon.o)
                0x0000000000087d33                bTACframeInProgress
 .text.vTACsetFramePending
                0x0000000000087d5a       0x3c C:/Users/seigo13/Documents/work/MWSTAGE/MWSDK/ChipLib/SW4063V1416/Components/Library\libMAC_JN516x.a(TAMcommon.o)
                0x0000000000087d5a                vTACsetFramePending
 .text.vTACintRXheader
                0x0000000000087d96       0x85 C:/Users/seigo13/Documents/work/MWSTAGE/MWSDK/ChipLib/SW4063V1416/Components/Library\libMAC_JN516x.a(TAMcommon.o)
                0x0000000000087d96                vTACintRXheader
 .text.vTACu16ToPayloadM
                0x0000000000087e1b        0xc C:/Users/seigo13/Documents/work/MWSTAGE/MWSDK/ChipLib/SW4063V1416/Components/Library\libMAC_JN516x.a(TAMcommon.o)
                0x0000000000087e1b                vTACu16ToPayloadM
 .text.vTACu32ToPayloadM
                0x0000000000087e27       0x18 C:/Users/seigo13/Documents/work/MWSTAGE/MWSDK/ChipLib/SW4063V1416/Components/Library\libMAC_JN516x.a(TAMcommon.o)
                0x0000000000087e27                vTACu32ToPayloadM
 .text.u16TACpayloadToU16M
                0x0000000000087e3f        0xf C:/Users/seigo13/Documents/work/MWSTAGE/MWSDK/ChipLib/SW4063V1416/Components/Library\libMAC_JN516x.a(TAMcommon.o)
                0x0000000000087e3f                u16TACpayloadToU16M
 .text.u32TACpayloadToU32M
                0x0000000000087e4e       0x21 C:/Users/seigo13/Documents/work/MWSTAGE/MWSDK/ChipLib/SW4063V1416/Components/Library\libMAC_JN516x.a(TAMcommon.o)
                0x0000000000087e4e                u32TACpayloadToU32M
 .text.u8TACgetHeaderSize
                0x0000000000087e6f       0x3d C:/Users/seigo13/Documents/work/MWSTAGE/MWSDK/ChipLib/SW4063V1416/Components/Library\libMAC_JN516x.a(TAMcommon.o)
                0x0000000000087e6f                u8TACgetHeaderSize
 .text.bUpdateTime
                0x0000000000087eac       0x3f C:/Users/seigo13/Documents/work/MWSTAGE/MWSDK/ChipLib/SW4063V1416/Components/Library\libMAC_JN516x.a(TAMcommon.o)
 .text.vTACbuildBeacon
                0x0000000000087eeb      0x20f C:/Users/seigo13/Documents/work/MWSTAGE/MWSDK/ChipLib/SW4063V1416/Components/Library\libMAC_JN516x.a(TAMcommon.o)
                0x0000000000087eeb                vTACbuildBeacon
 .text.vTACsetTxFrameDefaults
                0x00000000000880fa       0x2a C:/Users/seigo13/Documents/work/MWSTAGE/MWSDK/ChipLib/SW4063V1416/Components/Library\libMAC_JN516x.a(TAMcommon.o)
                0x00000000000880fa                vTACsetTxFrameDefaults
 .text.vTACcheckPollResponse
                0x0000000000088124       0x31 C:/Users/seigo13/Documents/work/MWSTAGE/MWSDK/ChipLib/SW4063V1416/Components/Library\libMAC_JN516x.a(TAMcommon.o)
                0x0000000000088124                vTACcheckPollResponse
 .text.bTACprocessUnexpectedBeacon
                0x0000000000088155       0x68 C:/Users/seigo13/Documents/work/MWSTAGE/MWSDK/ChipLib/SW4063V1416/Components/Library\libMAC_JN516x.a(TAMcommon.o)
                0x0000000000088155                bTACprocessUnexpectedBeacon
 .text.bTACprocessFrameRXcomplete
                0x00000000000881bd      0x1fc C:/Users/seigo13/Documents/work/MWSTAGE/MWSDK/ChipLib/SW4063V1416/Components/Library\libMAC_JN516x.a(TAMcommon.o)
                0x00000000000881bd                bTACprocessFrameRXcomplete
 .text.vTAMinsertEvent
                0x00000000000883b9       0x6c C:/Users/seigo13/Documents/work/MWSTAGE/MWSDK/ChipLib/SW4063V1416/Components/Library\libMAC_JN516x.a(TAMevent.o)
                0x00000000000883b9                vTAMinsertEvent
 .text.vTAM_TxRetryTimer
                0x0000000000088425       0x10 C:/Users/seigo13/Documents/work/MWSTAGE/MWSDK/ChipLib/SW4063V1416/Components/Library\libMAC_JN516x.a(TAMevent.o)
                0x0000000000088425                vTAM_TxRetryTimer
 .text.vTAM_CancelTxRetryTimer
                0x0000000000088435        0xc C:/Users/seigo13/Documents/work/MWSTAGE/MWSDK/ChipLib/SW4063V1416/Components/Library\libMAC_JN516x.a(TAMevent.o)
                0x0000000000088435                vTAM_CancelTxRetryTimer
 .text.vTAM_TxRetryTimeout
                0x0000000000088441        0x4 C:/Users/seigo13/Documents/work/MWSTAGE/MWSDK/ChipLib/SW4063V1416/Components/Library\libMAC_JN516x.a(TAMevent.o)
                0x0000000000088441                vTAM_TxRetryTimeout
 .text.vTAM_QueueTxEvent
                0x0000000000088445       0x11 C:/Users/seigo13/Documents/work/MWSTAGE/MWSDK/ChipLib/SW4063V1416/Components/Library\libMAC_JN516x.a(TAMevent.o)
                0x0000000000088445                vTAM_QueueTxEvent
 .text.vTAQaddToFifo
                0x0000000000088456       0x1a C:/Users/seigo13/Documents/work/MWSTAGE/MWSDK/ChipLib/SW4063V1416/Components/Library\libMAC_JN516x.a(TAMqueue.o)
                0x0000000000088456                vTAQaddToFifo
 .text.bTAQremoveFromFifo
                0x0000000000088470       0x3d C:/Users/seigo13/Documents/work/MWSTAGE/MWSDK/ChipLib/SW4063V1416/Components/Library\libMAC_JN516x.a(TAMqueue.o)
                0x0000000000088470                bTAQremoveFromFifo
 .text.vTAQresetFifo
                0x00000000000884ad        0x9 C:/Users/seigo13/Documents/work/MWSTAGE/MWSDK/ChipLib/SW4063V1416/Components/Library\libMAC_JN516x.a(TAMqueue.o)
                0x00000000000884ad                vTAQresetFifo
 .text.psTAQsearchFifo
                0x00000000000884b6       0x49 C:/Users/seigo13/Documents/work/MWSTAGE/MWSDK/ChipLib/SW4063V1416/Components/Library\libMAC_JN516x.a(TAMqueue.o)
                0x00000000000884b6                psTAQsearchFifo
 .text.psTAQsearchFifoForHandle
                0x00000000000884ff       0x18 C:/Users/seigo13/Documents/work/MWSTAGE/MWSDK/ChipLib/SW4063V1416/Components/Library\libMAC_JN516x.a(TAMqueue.o)
                0x00000000000884ff                psTAQsearchFifoForHandle
 .text.vDoGoOff
                0x0000000000088517       0x17 C:/Users/seigo13/Documents/work/MWSTAGE/MWSDK/ChipLib/SW4063V1416/Components/Library\libMAC_JN516x.a(TAMrxEnable.o)
 .text.vDoGoActive
                0x000000000008852e       0x22 C:/Users/seigo13/Documents/work/MWSTAGE/MWSDK/ChipLib/SW4063V1416/Components/Library\libMAC_JN516x.a(TAMrxEnable.o)
 .text.vTAMRXEint2Fired
                0x0000000000088550       0x35 C:/Users/seigo13/Documents/work/MWSTAGE/MWSDK/ChipLib/SW4063V1416/Components/Library\libMAC_JN516x.a(TAMrxEnable.o)
                0x0000000000088550                vTAMRXEint2Fired
 .text.vTAMRXEsetPhy
                0x0000000000088585       0xa4 C:/Users/seigo13/Documents/work/MWSTAGE/MWSDK/ChipLib/SW4063V1416/Components/Library\libMAC_JN516x.a(TAMrxEnable.o)
                0x0000000000088585                vTAMRXEsetPhy
 .text.vTAMRXEsetReceiveForPibChange
                0x0000000000088629       0x47 C:/Users/seigo13/Documents/work/MWSTAGE/MWSDK/ChipLib/SW4063V1416/Components/Library\libMAC_JN516x.a(TAMrxEnable.o)
                0x0000000000088629                vTAMRXEsetReceiveForPibChange
 .text.vTAM_MLMErxEnableRequest
                0x0000000000088670       0xb7 C:/Users/seigo13/Documents/work/MWSTAGE/MWSDK/ChipLib/SW4063V1416/Components/Library\libMAC_JN516x.a(TAMrxEnable.o)
                0x0000000000088670                vTAM_MLMErxEnableRequest
 .text.vCopyToDataFromMacAddr
                0x0000000000088727       0x33 C:/Users/seigo13/Documents/work/MWSTAGE/MWSDK/ChipLib/SW4063V1416/Components/Library\libMAC_JN516x.a(TAMsecurity.o)
 .text.MAC_bLookUpKeyDescriptor
                0x000000000008875a       0x7a C:/Users/seigo13/Documents/work/MWSTAGE/MWSDK/ChipLib/SW4063V1416/Components/Library\libMAC_JN516x.a(TAMsecurity.o)
 .text.vTSCgetIncomingInfo
                0x00000000000887d4       0xc2 C:/Users/seigo13/Documents/work/MWSTAGE/MWSDK/ChipLib/SW4063V1416/Components/Library\libMAC_JN516x.a(TAMsecurity.o)
                0x00000000000887d4                vTSCgetIncomingInfo
 .text.vMAC_RetrieveSecurityInfoFromFrame
                0x0000000000088896       0x6f C:/Users/seigo13/Documents/work/MWSTAGE/MWSDK/ChipLib/SW4063V1416/Components/Library\libMAC_JN516x.a(TAMsecurity.o)
                0x0000000000088896                vMAC_RetrieveSecurityInfoFromFrame
 .text.bTSCcheckIncomingFrame
                0x0000000000088905      0x639 C:/Users/seigo13/Documents/work/MWSTAGE/MWSDK/ChipLib/SW4063V1416/Components/Library\libMAC_JN516x.a(TAMsecurity.o)
                0x0000000000088905                bTSCcheckIncomingFrame
 .text.bTSCgetOutgoingInfo2003
                0x0000000000088f3e       0x25 C:/Users/seigo13/Documents/work/MWSTAGE/MWSDK/ChipLib/SW4063V1416/Components/Library\libMAC_JN516x.a(TAMsecurity.o)
                0x0000000000088f3e                bTSCgetOutgoingInfo2003
 .text.bTSCgetOutgoingInfo
                0x0000000000088f63       0xee C:/Users/seigo13/Documents/work/MWSTAGE/MWSDK/ChipLib/SW4063V1416/Components/Library\libMAC_JN516x.a(TAMsecurity.o)
                0x0000000000088f63                bTSCgetOutgoingInfo
 .text.vTSCsetOutgoingInfo
                0x0000000000089051      0x169 C:/Users/seigo13/Documents/work/MWSTAGE/MWSDK/ChipLib/SW4063V1416/Components/Library\libMAC_JN516x.a(TAMsecurity.o)
                0x0000000000089051                vTSCsetOutgoingInfo
 .text.vTSCpostTransmitUpdate
                0x00000000000891ba       0x34 C:/Users/seigo13/Documents/work/MWSTAGE/MWSDK/ChipLib/SW4063V1416/Components/Library\libMAC_JN516x.a(TAMsecurity.o)
                0x00000000000891ba                vTSCpostTransmitUpdate
 .text.u8TSCframeIncrease
                0x00000000000891ee       0x39 C:/Users/seigo13/Documents/work/MWSTAGE/MWSDK/ChipLib/SW4063V1416/Components/Library\libMAC_JN516x.a(TAMsecurity.o)
                0x00000000000891ee                u8TSCframeIncrease
 .text.vTSCsetUpwardSecurity
                0x0000000000089227       0x15 C:/Users/seigo13/Documents/work/MWSTAGE/MWSDK/ChipLib/SW4063V1416/Components/Library\libMAC_JN516x.a(TAMsecurity.o)
                0x0000000000089227                vTSCsetUpwardSecurity
 .text.eTAStransmitRequest
                0x000000000008923c      0x37a C:/Users/seigo13/Documents/work/MWSTAGE/MWSDK/ChipLib/SW4063V1416/Components/Library\libMAC_JN516x.a(TAMsideways.o)
                0x000000000008923c                eTAStransmitRequest
 .text.vTASretrieveFrame
                0x00000000000895b6       0x7d C:/Users/seigo13/Documents/work/MWSTAGE/MWSDK/ChipLib/SW4063V1416/Components/Library\libMAC_JN516x.a(TAMsideways.o)
                0x00000000000895b6                vTASretrieveFrame
 .text.vTASretrieveSecurity
                0x0000000000089633       0x22 C:/Users/seigo13/Documents/work/MWSTAGE/MWSDK/ChipLib/SW4063V1416/Components/Library\libMAC_JN516x.a(TAMsideways.o)
                0x0000000000089633                vTASretrieveSecurity
 .text.vTAStidyUpAfterFrameTX
                0x0000000000089655       0x1d C:/Users/seigo13/Documents/work/MWSTAGE/MWSDK/ChipLib/SW4063V1416/Components/Library\libMAC_JN516x.a(TAMsideways.o)
                0x0000000000089655                vTAStidyUpAfterFrameTX
 .text.bTASsendCommStatusInd
                0x0000000000089672       0x15 C:/Users/seigo13/Documents/work/MWSTAGE/MWSDK/ChipLib/SW4063V1416/Components/Library\libMAC_JN516x.a(TAMsideways.o)
                0x0000000000089672                bTASsendCommStatusInd
 .text.vTTIBLETimerExpired
                0x0000000000089687        0xb C:/Users/seigo13/Documents/work/MWSTAGE/MWSDK/ChipLib/SW4063V1416/Components/Library\libMAC_JN516x.a(TAMtime.o)
                0x0000000000089687                vTTIBLETimerExpired
 .text.vTTITransactionTimerExpired